#
# There is insufficient memory for the Java Runtime Environment to continue.
# Native memory allocation (mmap) failed to map 534773760 bytes for G1 virtual space
# Possible reasons:
#   The system is out of physical RAM or swap space
#   The process is running with CompressedOops enabled, and the Java Heap may be blocking the growth of the native heap
# Possible solutions:
#   Reduce memory load on the system
#   Increase physical memory or swap space
#   Check if swap backing store is full
#   Decrease Java heap size (-Xmx/-Xms)
#   Decrease number of Java threads
#   Decrease Java thread stack sizes (-Xss)
#   Set larger code cache with -XX:ReservedCodeCacheSize=
#   JVM is running with Unscaled Compressed Oops mode in which the Java heap is
#     placed in the first 4GB address space. The Java Heap base address is the
#     maximum limit for the native heap growth. Please use -XX:HeapBaseMinAddress
#     to set the Java Heap base and to place the Java Heap above 4GB virtual address.
# This output file may be truncated or incomplete.
#
#  Out of Memory Error (os_windows.cpp:3600), pid=22180, tid=15060
#
# JRE version:  (21.0.1+12) (build )
# Java VM: OpenJDK 64-Bit Server VM (21.0.1+12-LTS, mixed mode, sharing, tiered, compressed oops, compressed class ptrs, g1 gc, windows-amd64)
# No core dump will be written. Minidumps are not enabled by default on client versions of Windows
#

---------------  S U M M A R Y ------------

Command Line: -Ddebugger.agent.enable.coroutines=true -Dkotlinx.coroutines.debug.enable.creation.stack.trace=false -Dorg.gradle.internal.worker.tmpdir=D:\open source\jdb\build\tmp\test\work -agentlib:jdwp=transport=dt_socket,server=n,suspend=y,address=127.0.0.1:6364 -javaagent:C:\Users\AVASYS\AppData\Local\JetBrains\IdeaIC2024.2\captureAgent\debugger-agent.jar -Xmx512m -Dfile.encoding=UTF-8 -Duser.country=US -Duser.language=en -Duser.variant -ea worker.org.gradle.process.internal.worker.GradleWorkerMain 'Gradle Test Executor 1'

Host: Intel(R) Core(TM) i5-8600 CPU @ 3.10GHz, 6 cores, 31G,  Windows 10 , 64 bit Build 19041 (10.0.19041.5198)
Time: Sat Feb 22 13:41:09 2025 Iran Standard Time elapsed time: 0.009626 seconds (0d 0h 0m 0s)

---------------  T H R E A D  ---------------

Current thread (0x000001f4a2ebac50):  JavaThread "Unknown thread" [_thread_in_vm, id=15060, stack(0x0000002da4a00000,0x0000002da4b00000) (1024K)]

Stack: [0x0000002da4a00000,0x0000002da4b00000]
Native frames: (J=compiled Java code, j=interpreted, Vv=VM code, C=native code)
V  [jvm.dll+0x6d2e09]
V  [jvm.dll+0x8ae5c3]
V  [jvm.dll+0x8b088e]
V  [jvm.dll+0x8b0f73]
V  [jvm.dll+0x284c76]
V  [jvm.dll+0x6cf5d5]
V  [jvm.dll+0x6c3d0a]
V  [jvm.dll+0x35b7eb]
V  [jvm.dll+0x363396]
V  [jvm.dll+0x3b4796]
V  [jvm.dll+0x3b4a68]
V  [jvm.dll+0x32ef2c]
V  [jvm.dll+0x32fc1b]
V  [jvm.dll+0x876769]
V  [jvm.dll+0x3c1b11]
V  [jvm.dll+0x85f168]
V  [jvm.dll+0x45575e]
V  [jvm.dll+0x457231]
C  [jli.dll+0x52ab]
C  [ucrtbase.dll+0x21bb2]
C  [KERNEL32.DLL+0x17374]
C  [ntdll.dll+0x4cc91]


---------------  P R O C E S S  ---------------

Threads class SMR info:
_java_thread_list=0x00007ffd4bdaa048, length=0, elements={
}

Java Threads: ( => current thread )
Total: 0

Other Threads:
  0x000001f4a2e8e770 WorkerThread "GC Thread#0"                     [id=24264, stack(0x0000002da4b00000,0x0000002da4c00000) (1024K)]
  0x000001f4a50837f0 ConcurrentGCThread "G1 Main Marker"            [id=35332, stack(0x0000002da4c00000,0x0000002da4d00000) (1024K)]
  0x000001f4a2e8e030 WorkerThread "G1 Conc#0"                       [id=37692, stack(0x0000002da4d00000,0x0000002da4e00000) (1024K)]

[error occurred during error reporting (printing all threads), id 0xc0000005, EXCEPTION_ACCESS_VIOLATION (0xc0000005) at pc=0x00007ffd4b4b2087]
VM state: not at safepoint (not fully initialized)

VM Mutex/Monitor currently owned by a thread:  ([mutex/lock_event])
[0x00007ffd4be1dac8] Heap_lock - owner thread: 0x000001f4a2ebac50

Heap address: 0x00000000e0000000, size: 512 MB, Compressed Oops mode: 32-bit

CDS archive(s) mapped at: [0x0000000000000000-0x0000000000000000-0x0000000000000000), size 0, SharedBaseAddress: 0x0000000800000000, ArchiveRelocationMode: 1.
Narrow klass base: 0x0000000000000000, Narrow klass shift: 0, Narrow klass range: 0x0

GC Precious Log:
 CardTable entry size: 512
 Card Set container configuration: InlinePtr #cards 5 size 8 Array Of Cards #cards 12 size 40 Howl #buckets 4 coarsen threshold 1843 Howl Bitmap #cards 512 size 80 coarsen threshold 460 Card regions per heap region 1 cards per card region 2048

Heap:
 garbage-first heap   total 0K, used 0K [0x00000000e0000000, 0x0000000100000000)
  region size 1024K, 0 young (0K), 0 survivors (0K)

[error occurred during error reporting (printing heap information), id 0xc0000005, EXCEPTION_ACCESS_VIOLATION (0xc0000005) at pc=0x00007ffd4b89bb89]
GC Heap History (0 events):
No events

Dll operation events (2 events):
Event: 0.006 Loaded shared library C:\Program Files\Amazon Corretto\jdk21.0.1_12\bin\java.dll
Event: 0.007 Loaded shared library C:\Program Files\Amazon Corretto\jdk21.0.1_12\bin\zip.dll

Deoptimization events (0 events):
No events

Classes loaded (0 events):
No events

Classes unloaded (0 events):
No events

Classes redefined (0 events):
No events

Internal exceptions (0 events):
No events

ZGC Phase Switch (0 events):
No events

VM Operations (0 events):
No events

Events (0 events):
No events


Dynamic libraries:
0x00007ff66f120000 - 0x00007ff66f12e000 	C:\Program Files\Amazon Corretto\jdk21.0.1_12\bin\java.exe
0x00007ffddf9b0000 - 0x00007ffddfba8000 	C:\Windows\SYSTEM32\ntdll.dll
0x00007ffdde280000 - 0x00007ffdde342000 	C:\Windows\System32\KERNEL32.DLL
0x00007ffddd4a0000 - 0x00007ffddd79f000 	C:\Windows\System32\KERNELBASE.dll
0x00007ffddd040000 - 0x00007ffddd140000 	C:\Windows\System32\ucrtbase.dll
0x00007ffdd3820000 - 0x00007ffdd383b000 	C:\Program Files\Amazon Corretto\jdk21.0.1_12\bin\VCRUNTIME140.dll
0x00007ffdbbd00000 - 0x00007ffdbbd18000 	C:\Program Files\Amazon Corretto\jdk21.0.1_12\bin\jli.dll
0x00007ffdde960000 - 0x00007ffddeafd000 	C:\Windows\System32\USER32.dll
0x00007ffddd260000 - 0x00007ffddd282000 	C:\Windows\System32\win32u.dll
0x00007ffdc71a0000 - 0x00007ffdc743a000 	C:\Windows\WinSxS\amd64_microsoft.windows.common-controls_6595b64144ccf1df_6.0.19041.4355_none_60b8b9eb71f62e16\COMCTL32.dll
0x00007ffdde3b0000 - 0x00007ffdde3db000 	C:\Windows\System32\GDI32.dll
0x00007ffddd140000 - 0x00007ffddd257000 	C:\Windows\System32\gdi32full.dll
0x00007ffddf350000 - 0x00007ffddf3ee000 	C:\Windows\System32\msvcrt.dll
0x00007ffddd370000 - 0x00007ffddd40d000 	C:\Windows\System32\msvcp_win.dll
0x00007ffddf4b0000 - 0x00007ffddf4df000 	C:\Windows\System32\IMM32.DLL
0x00007ffdd7dc0000 - 0x00007ffdd7dcc000 	C:\Program Files\Amazon Corretto\jdk21.0.1_12\bin\vcruntime140_1.dll
0x00007ffda5980000 - 0x00007ffda5a0d000 	C:\Program Files\Amazon Corretto\jdk21.0.1_12\bin\msvcp140.dll
0x00007ffd4b170000 - 0x00007ffd4befd000 	C:\Program Files\Amazon Corretto\jdk21.0.1_12\bin\server\jvm.dll
0x00007ffddf3f0000 - 0x00007ffddf4a1000 	C:\Windows\System32\ADVAPI32.dll
0x00007ffddf1a0000 - 0x00007ffddf23f000 	C:\Windows\System32\sechost.dll
0x00007ffddf840000 - 0x00007ffddf963000 	C:\Windows\System32\RPCRT4.dll
0x00007ffddd290000 - 0x00007ffddd2b7000 	C:\Windows\System32\bcrypt.dll
0x00007ffddeb00000 - 0x00007ffddeb6b000 	C:\Windows\System32\WS2_32.dll
0x00007ffddcea0000 - 0x00007ffddceeb000 	C:\Windows\SYSTEM32\POWRPROF.dll
0x00007ffdc7f70000 - 0x00007ffdc7f97000 	C:\Windows\SYSTEM32\WINMM.dll
0x00007ffdd6f90000 - 0x00007ffdd6f9a000 	C:\Windows\SYSTEM32\VERSION.dll
0x00007ffddce80000 - 0x00007ffddce92000 	C:\Windows\SYSTEM32\UMPDC.dll
0x00007ffddaea0000 - 0x00007ffddaeb2000 	C:\Windows\SYSTEM32\kernel.appcore.dll
0x00007ffdd38b0000 - 0x00007ffdd38ba000 	C:\Program Files\Amazon Corretto\jdk21.0.1_12\bin\jimage.dll
0x00007ffdc9b30000 - 0x00007ffdc9d14000 	C:\Windows\SYSTEM32\DBGHELP.DLL
0x00007ffdbfb80000 - 0x00007ffdbfbb4000 	C:\Windows\SYSTEM32\dbgcore.DLL
0x00007ffddd410000 - 0x00007ffddd492000 	C:\Windows\System32\bcryptPrimitives.dll
0x00007ffdc3820000 - 0x00007ffdc385c000 	C:\Program Files\Amazon Corretto\jdk21.0.1_12\bin\jdwp.dll
0x00007ffdda6b0000 - 0x00007ffdda6be000 	C:\Program Files\Amazon Corretto\jdk21.0.1_12\bin\instrument.dll
0x00007ffdbbce0000 - 0x00007ffdbbcff000 	C:\Program Files\Amazon Corretto\jdk21.0.1_12\bin\java.dll
0x00007ffdb4770000 - 0x00007ffdb4788000 	C:\Program Files\Amazon Corretto\jdk21.0.1_12\bin\zip.dll

dbghelp: loaded successfully - version: 4.0.5 - missing functions: none
symbol engine: initialized successfully - sym options: 0x614 - pdb path: .;C:\Program Files\Amazon Corretto\jdk21.0.1_12\bin;C:\Windows\SYSTEM32;C:\Windows\WinSxS\amd64_microsoft.windows.common-controls_6595b64144ccf1df_6.0.19041.4355_none_60b8b9eb71f62e16;C:\Program Files\Amazon Corretto\jdk21.0.1_12\bin\server

VM Arguments:
jvm_args: -Ddebugger.agent.enable.coroutines=true -Dkotlinx.coroutines.debug.enable.creation.stack.trace=false -Dorg.gradle.internal.worker.tmpdir=D:\open source\jdb\build\tmp\test\work -agentlib:jdwp=transport=dt_socket,server=n,suspend=y,address=127.0.0.1:6364 -javaagent:C:\Users\AVASYS\AppData\Local\JetBrains\IdeaIC2024.2\captureAgent\debugger-agent.jar -Xmx512m -Dfile.encoding=UTF-8 -Duser.country=US -Duser.language=en -Duser.variant -ea 
java_command: worker.org.gradle.process.internal.worker.GradleWorkerMain 'Gradle Test Executor 1'
java_class_path (initial): C:\Users\AVASYS\.gradle\caches\8.12.1\workerMain\gradle-worker.jar;D:\open source\jdb\build\classes\java\test;D:\open source\jdb\build\classes\java\main;C:\Users\AVASYS\.gradle\caches\modules-2\files-2.1\org.junit.jupiter\junit-jupiter-params\5.11.4\e4c86fbe2a39c60c6b87260ef7f7e7c1a1906481\junit-jupiter-params-5.11.4.jar;C:\Users\AVASYS\.gradle\caches\modules-2\files-2.1\org.junit.jupiter\junit-jupiter-engine\5.11.4\dc10ec209623986a68ea07f67cdc7d2a65a60355\junit-jupiter-engine-5.11.4.jar;C:\Users\AVASYS\.gradle\caches\modules-2\files-2.1\org.junit.jupiter\junit-jupiter-api\5.11.4\308315b28e667db4091b2ba1f7aa220d1ddadb97\junit-jupiter-api-5.11.4.jar;C:\Users\AVASYS\.gradle\caches\modules-2\files-2.1\org.junit.platform\junit-platform-engine\1.11.4\21f61b123ad6ac8f7e73971bff3a096c8d8e1cd0\junit-platform-engine-1.11.4.jar;C:\Users\AVASYS\.gradle\caches\modules-2\files-2.1\org.junit.platform\junit-platform-commons\1.11.4\8898eea3ed0da2641548d602c3e308804f166303\junit-platform-commons-1.11.4.jar;C:\Users\AVASYS\.gradle\caches\modules-2\files-2.1\org.junit.jupiter\junit-jupiter\5.9.2\26c586fbe0ebd81b48c9f11f0d998124248697ae\junit-jupiter-5.9.2.jar;C:\Users\AVASYS\.gradle\caches\modules-2\files-2.1\org.opentest4j\opentest4j\1.3.0\152ea56b3a72f655d4fd677fc0ef2596c3dd5e6e\opentest4j-1.3.0.jar;C:\Users\AVASYS\.gradle\wrapper\dists\gradle-8.12.1-bin\eumc4uhoysa37zql93vfjkxy0\gradle-8.12.1\lib\plugins\junit-platform-engine-1.8.2.jar;C:\Users\AVASYS\.gradle\wrapper\dists\gradle-8.12.1-bin\eumc4uhoysa37zql93vfjkxy0\gradle-8.12.1\lib\plugins\junit-platform-launcher-1.8.2.jar;C:\Users\AVASYS\.gradle\wrapper\dists\gradle-8.12.1-bin\eumc4uhoysa37zql93vfjkxy0\gradle-8.12.1\lib\plugins\junit-platform-commons-1.8.2.jar
Launcher Type: SUN_STANDARD

[Global flags]
     intx CICompilerCount                          = 3                                         {product} {ergonomic}
     uint ConcGCThreads                            = 2                                         {product} {ergonomic}
     uint G1ConcRefinementThreads                  = 6                                         {product} {ergonomic}
   size_t G1HeapRegionSize                         = 1048576                                   {product} {ergonomic}
    uintx GCDrainStackTargetSize                   = 64                                        {product} {ergonomic}
   size_t InitialHeapSize                          = 534773760                                 {product} {ergonomic}
   size_t MarkStackSize                            = 4194304                                   {product} {ergonomic}
   size_t MaxHeapSize                              = 536870912                                 {product} {command line}
   size_t MinHeapDeltaBytes                        = 1048576                                   {product} {ergonomic}
   size_t MinHeapSize                              = 8388608                                   {product} {ergonomic}
    uintx NonNMethodCodeHeapSize                   = 5832780                                {pd product} {ergonomic}
    uintx NonProfiledCodeHeapSize                  = 122912730                              {pd product} {ergonomic}
    uintx ProfiledCodeHeapSize                     = 122912730                              {pd product} {ergonomic}
    uintx ReservedCodeCacheSize                    = 251658240                              {pd product} {ergonomic}
     bool SegmentedCodeCache                       = true                                      {product} {ergonomic}
   size_t SoftMaxHeapSize                          = 536870912                              {manageable} {ergonomic}
     bool UseCompressedOops                        = true                           {product lp64_product} {ergonomic}
     bool UseG1GC                                  = true                                      {product} {ergonomic}
     bool UseLargePagesIndividualAllocation        = false                                  {pd product} {ergonomic}

Logging:
Log output configuration:
 #0: stdout all=warning uptime,level,tags foldmultilines=false
 #1: stderr all=off uptime,level,tags foldmultilines=false

Environment Variables:
JAVA_HOME=C:\Program Files\Amazon Corretto\jdk21.0.1_12
PATH=C:\Program Files\Amazon Corretto\jdk21.0.1_12\bin;C:\gurobi951\win64\bin;C:\Program Files\Amazon Corretto\jdk1.8.0_302\bin;C:\Windows\system32;C:\Windows;C:\Windows\System32\Wbem;C:\Windows\System32\WindowsPowerShell\v1.0\;C:\Windows\System32\OpenSSH\;C:\Program Files (x86)\Intel\Intel(R) Management Engine Components\DAL;C:\Program Files\Intel\Intel(R) Management Engine Components\DAL;C:\Program Files\Git\cmd;C:\Program Files\PuTTY\;C:\Program Files\Amazon\AWSCLIV2\;C:\Users\AVASYS\AppData\Roaming\npm;D:\flutter\bin;C:\protoc\bin;C:\Program Files\TortoiseGit\bin;C:\Program Files\dotnet\;C:\ProgramData\chocolatey\bin;C:\Program Files\k6\;C:\Program Files\Docker\Docker\resources\bin;D:\graalVM\graalvm21\bin;C:\Program Files\Tailscale\;C:\Users\AVASYS\AppData\Local\Programs\Python\Python311\Scripts;C:\Program Files\Go\bin;D:\apache-maven-3.9.8\bin;C:\Program Files (x86)\Gpg4win\..\GnuPG\bin;C:\Program Files (x86)\GnuPG\bin;C:\Program Files\nodejs\;C:\Users\AVASYS\AppData\Local\Programs\Python\Python311\;C:\Users\AVASYS\.cargo\bin;C:\Program Files\Amazon Corretto\jdk1.8.0_302\bin;C:\Windows\system32;C:\Windows;C:\Windows\System32\Wbem;C:\Windows\System32\WindowsPowerShell\v1.0\;C:\Windows\System32\OpenSSH\;C:\Program Files (x86)\Intel\Intel(R) Management Engine Components\DAL;C:\Program Files\Intel\Intel(R) Management Engine Components\DAL;C:\Program Files\Git\cmd;C:\Program Files\nodejs\;C:\Program Files\Docker\Docker\resources\bin;C:\ProgramData\DockerDesktop\version-bin;C:\Program Files\PuTTY\;C:\Program Files\Amazon\AWSCLIV2\;C:\Program Files\MySQL\MySQL Shell 8.0\bin\;C:\Program Files\Amazon Corretto\jdk1.8.0_302\bin;C:\Windows\system32;C:\Windows;C:\Windows\System32\Wbem;C:\Windows\System32\WindowsPowerShell\v1.0\;C:\Windows\System32\OpenSSH\;C:\Program Files (x86)\Intel\Intel(R) Management Engine Components\DAL;C:\Program Files\Intel\Intel(R) Management Engine Components\DAL;C:\Program Files\Git\cmd;C:\Program Files\nodejs\;C:\Program Files\Docker\Docker\resources\bin;C:\ProgramData\DockerDesktop\version-bin;C:\Program Files\PuTTY\;C:\Program Files\Amazon\AWSCLIV2\;C:\Users\AVASYS\AppData\Roaming\npm;C:\Program Files\dotnet\;C:\Program Files\Amazon\ECSCLI;C:\Users\AVASYS\AppData\Local\Programs\Microsoft VS Code\bin;C:\Users\AVASYS\AppData\Roaming\npm;C:\Program Files\Amazon\ECSCLI;C:\Users\AVASYS\AppData\Local\Programs\Microsoft VS Code\bin;C:\Users\AVASYS\AppData\Roaming\npm;C:\Users\AVASYS\.dotnet\tools;D:\flutter\bin;C:\protoc\bin;C:\Users\AVASYS\AppData\Local\Programs\Julia-1.6.5\bin;C:\Program Files\JetBrains\IntelliJ IDEA 2023.2.5\bin;;C:\Users\AVASYS\go\bin;D:\apache-maven-3.9.8\bin;C:\Program Files (x86)\GnuPG\bin;
USERNAME=AVASYS
OS=Windows_NT
PROCESSOR_IDENTIFIER=Intel64 Family 6 Model 158 Stepping 10, GenuineIntel
TMP=C:\Users\AVASYS\AppData\Local\Temp
TEMP=C:\Users\AVASYS\AppData\Local\Temp




Periodic native trim disabled

---------------  S Y S T E M  ---------------

OS:
 Windows 10 , 64 bit Build 19041 (10.0.19041.5198)
OS uptime: 26 days 3:34 hours
Hyper-V role detected

CPU: total 6 (initial active 6) (6 cores per cpu, 1 threads per core) family 6 model 158 stepping 10 microcode 0xde, cx8, cmov, fxsr, mmx, 3dnowpref, sse, sse2, sse3, ssse3, sse4.1, sse4.2, popcnt, lzcnt, tsc, tscinvbit, avx, avx2, aes, erms, clmul, bmi1, bmi2, rtm, adx, fma, vzeroupper, clflush, clflushopt, hv, rdtscp, f16c
Processor Information for all 6 processors :
  Max Mhz: 3096, Current Mhz: 3096, Mhz Limit: 3096

Memory: 4k page, system-wide physical 32629M (8002M free)
TotalPageFile size 42629M (AvailPageFile size 388M)
current process WorkingSet (physical memory assigned to process): 10M, peak: 10M
current process commit charge ("private bytes"): 55M, peak: 565M

vm_info: OpenJDK 64-Bit Server VM (21.0.1+12-LTS) for windows-amd64 JRE (21.0.1+12-LTS), built on 2023-10-12T03:52:47Z by "Administrator" with MS VC++ 16.10 / 16.11 (VS2019)

END.
