#
# There is insufficient memory for the Java Runtime Environment to continue.
# Native memory allocation (mmap) failed to map 536870912 bytes for G1 virtual space
# Possible reasons:
#   The system is out of physical RAM or swap space
#   The process is running with CompressedOops enabled, and the Java Heap may be blocking the growth of the native heap
# Possible solutions:
#   Reduce memory load on the system
#   Increase physical memory or swap space
#   Check if swap backing store is full
#   Decrease Java heap size (-Xmx/-Xms)
#   Decrease number of Java threads
#   Decrease Java thread stack sizes (-Xss)
#   Set larger code cache with -XX:ReservedCodeCacheSize=
#   JVM is running with Zero Based Compressed Oops mode in which the Java heap is
#     placed in the first 32GB address space. The Java Heap base address is the
#     maximum limit for the native heap growth. Please use -XX:HeapBaseMinAddress
#     to set the Java Heap base and to place the Java Heap above 32GB virtual address.
# This output file may be truncated or incomplete.
#
#  Out of Memory Error (os_windows.cpp:3600), pid=21124, tid=34640
#
# JRE version:  (21.0.1+12) (build )
# Java VM: OpenJDK 64-Bit Server VM (21.0.1+12-LTS, mixed mode, sharing, tiered, compressed oops, compressed class ptrs, g1 gc, windows-amd64)
# No core dump will be written. Minidumps are not enabled by default on client versions of Windows
#

---------------  S U M M A R Y ------------

Command Line: -Ddebugger.agent.enable.coroutines=true -Dkotlinx.coroutines.debug.enable.creation.stack.trace=false -agentlib:jdwp=transport=dt_socket,server=n,suspend=y,address=127.0.0.1:2967 -javaagent:C:\Users\AVASYS\AppData\Local\JetBrains\IdeaIC2024.2\captureAgent\debugger-agent.jar -Dfile.encoding=UTF-8 -Duser.country=US -Duser.language=en -Duser.variant com.aref.jdb.JdbApplication

Host: Intel(R) Core(TM) i5-8600 CPU @ 3.10GHz, 6 cores, 31G,  Windows 10 , 64 bit Build 19041 (10.0.19041.5198)
Time: Sat Feb 22 13:03:39 2025 Iran Standard Time elapsed time: 0.009956 seconds (0d 0h 0m 0s)

---------------  T H R E A D  ---------------

Current thread (0x0000027287cf6780):  JavaThread "Unknown thread" [_thread_in_vm, id=34640, stack(0x00000088c3a00000,0x00000088c3b00000) (1024K)]

Stack: [0x00000088c3a00000,0x00000088c3b00000]
Native frames: (J=compiled Java code, j=interpreted, Vv=VM code, C=native code)
V  [jvm.dll+0x6d2e09]
V  [jvm.dll+0x8ae5c3]
V  [jvm.dll+0x8b088e]
V  [jvm.dll+0x8b0f73]
V  [jvm.dll+0x284c76]
V  [jvm.dll+0x6cf5d5]
V  [jvm.dll+0x6c3d0a]
V  [jvm.dll+0x35b7eb]
V  [jvm.dll+0x363396]
V  [jvm.dll+0x3b4796]
V  [jvm.dll+0x3b4a68]
V  [jvm.dll+0x32ef2c]
V  [jvm.dll+0x32fc1b]
V  [jvm.dll+0x876769]
V  [jvm.dll+0x3c1b11]
V  [jvm.dll+0x85f168]
V  [jvm.dll+0x45575e]
V  [jvm.dll+0x457231]
C  [jli.dll+0x52ab]
C  [ucrtbase.dll+0x21bb2]
C  [KERNEL32.DLL+0x17374]
C  [ntdll.dll+0x4cc91]


---------------  P R O C E S S  ---------------

Threads class SMR info:
_java_thread_list=0x00007ffd4bdaa048, length=0, elements={
}

Java Threads: ( => current thread )
Total: 0

Other Threads:
  0x000002728a039c20 WorkerThread "GC Thread#0"                     [id=27832, stack(0x00000088c3b00000,0x00000088c3c00000) (1024K)]
  0x000002728a04acb0 ConcurrentGCThread "G1 Main Marker"            [id=32748, stack(0x00000088c3c00000,0x00000088c3d00000) (1024K)]
  0x000002728a04df60 WorkerThread "G1 Conc#0"                       [id=14260, stack(0x00000088c3d00000,0x00000088c3e00000) (1024K)]

[error occurred during error reporting (printing all threads), id 0xc0000005, EXCEPTION_ACCESS_VIOLATION (0xc0000005) at pc=0x00007ffd4b4b2087]
VM state: not at safepoint (not fully initialized)

VM Mutex/Monitor currently owned by a thread:  ([mutex/lock_event])
[0x00007ffd4be1dac8] Heap_lock - owner thread: 0x0000027287cf6780

Heap address: 0x0000000602000000, size: 8160 MB, Compressed Oops mode: Zero based, Oop shift amount: 3

CDS archive(s) mapped at: [0x0000000000000000-0x0000000000000000-0x0000000000000000), size 0, SharedBaseAddress: 0x0000000800000000, ArchiveRelocationMode: 1.
Narrow klass base: 0x0000000000000000, Narrow klass shift: 0, Narrow klass range: 0x0

GC Precious Log:
 CardTable entry size: 512
 Card Set container configuration: InlinePtr #cards 4 size 8 Array Of Cards #cards 32 size 80 Howl #buckets 8 coarsen threshold 7372 Howl Bitmap #cards 1024 size 144 coarsen threshold 921 Card regions per heap region 1 cards per card region 8192

Heap:
 garbage-first heap   total 0K, used 0K [0x0000000602000000, 0x0000000800000000)
  region size 4096K, 0 young (0K), 0 survivors (0K)

[error occurred during error reporting (printing heap information), id 0xc0000005, EXCEPTION_ACCESS_VIOLATION (0xc0000005) at pc=0x00007ffd4b89bb89]
GC Heap History (0 events):
No events

Dll operation events (2 events):
Event: 0.006 Loaded shared library C:\Program Files\Amazon Corretto\jdk21.0.1_12\bin\java.dll
Event: 0.007 Loaded shared library C:\Program Files\Amazon Corretto\jdk21.0.1_12\bin\zip.dll

Deoptimization events (0 events):
No events

Classes loaded (0 events):
No events

Classes unloaded (0 events):
No events

Classes redefined (0 events):
No events

Internal exceptions (0 events):
No events

ZGC Phase Switch (0 events):
No events

VM Operations (0 events):
No events

Events (0 events):
No events


Dynamic libraries:
0x00007ff66f120000 - 0x00007ff66f12e000 	C:\Program Files\Amazon Corretto\jdk21.0.1_12\bin\java.exe
0x00007ffddf9b0000 - 0x00007ffddfba8000 	C:\Windows\SYSTEM32\ntdll.dll
0x00007ffdde280000 - 0x00007ffdde342000 	C:\Windows\System32\KERNEL32.DLL
0x00007ffddd4a0000 - 0x00007ffddd79f000 	C:\Windows\System32\KERNELBASE.dll
0x00007ffddd040000 - 0x00007ffddd140000 	C:\Windows\System32\ucrtbase.dll
0x00007ffdbbd00000 - 0x00007ffdbbd18000 	C:\Program Files\Amazon Corretto\jdk21.0.1_12\bin\jli.dll
0x00007ffdd3820000 - 0x00007ffdd383b000 	C:\Program Files\Amazon Corretto\jdk21.0.1_12\bin\VCRUNTIME140.dll
0x00007ffdde960000 - 0x00007ffddeafd000 	C:\Windows\System32\USER32.dll
0x00007ffddd260000 - 0x00007ffddd282000 	C:\Windows\System32\win32u.dll
0x00007ffdc71a0000 - 0x00007ffdc743a000 	C:\Windows\WinSxS\amd64_microsoft.windows.common-controls_6595b64144ccf1df_6.0.19041.4355_none_60b8b9eb71f62e16\COMCTL32.dll
0x00007ffdde3b0000 - 0x00007ffdde3db000 	C:\Windows\System32\GDI32.dll
0x00007ffddf350000 - 0x00007ffddf3ee000 	C:\Windows\System32\msvcrt.dll
0x00007ffddd140000 - 0x00007ffddd257000 	C:\Windows\System32\gdi32full.dll
0x00007ffddd370000 - 0x00007ffddd40d000 	C:\Windows\System32\msvcp_win.dll
0x00007ffddf4b0000 - 0x00007ffddf4df000 	C:\Windows\System32\IMM32.DLL
0x00007ffdd7dc0000 - 0x00007ffdd7dcc000 	C:\Program Files\Amazon Corretto\jdk21.0.1_12\bin\vcruntime140_1.dll
0x00007ffda5980000 - 0x00007ffda5a0d000 	C:\Program Files\Amazon Corretto\jdk21.0.1_12\bin\msvcp140.dll
0x00007ffd4b170000 - 0x00007ffd4befd000 	C:\Program Files\Amazon Corretto\jdk21.0.1_12\bin\server\jvm.dll
0x00007ffddf3f0000 - 0x00007ffddf4a1000 	C:\Windows\System32\ADVAPI32.dll
0x00007ffddf1a0000 - 0x00007ffddf23f000 	C:\Windows\System32\sechost.dll
0x00007ffddf840000 - 0x00007ffddf963000 	C:\Windows\System32\RPCRT4.dll
0x00007ffddd290000 - 0x00007ffddd2b7000 	C:\Windows\System32\bcrypt.dll
0x00007ffddeb00000 - 0x00007ffddeb6b000 	C:\Windows\System32\WS2_32.dll
0x00007ffddcea0000 - 0x00007ffddceeb000 	C:\Windows\SYSTEM32\POWRPROF.dll
0x00007ffdc7f70000 - 0x00007ffdc7f97000 	C:\Windows\SYSTEM32\WINMM.dll
0x00007ffdd6f90000 - 0x00007ffdd6f9a000 	C:\Windows\SYSTEM32\VERSION.dll
0x00007ffddce80000 - 0x00007ffddce92000 	C:\Windows\SYSTEM32\UMPDC.dll
0x00007ffddaea0000 - 0x00007ffddaeb2000 	C:\Windows\SYSTEM32\kernel.appcore.dll
0x00007ffdd38b0000 - 0x00007ffdd38ba000 	C:\Program Files\Amazon Corretto\jdk21.0.1_12\bin\jimage.dll
0x00007ffdc9b30000 - 0x00007ffdc9d14000 	C:\Windows\SYSTEM32\DBGHELP.DLL
0x00007ffdbfb80000 - 0x00007ffdbfbb4000 	C:\Windows\SYSTEM32\dbgcore.DLL
0x00007ffddd410000 - 0x00007ffddd492000 	C:\Windows\System32\bcryptPrimitives.dll
0x00007ffdc3820000 - 0x00007ffdc385c000 	C:\Program Files\Amazon Corretto\jdk21.0.1_12\bin\jdwp.dll
0x00007ffdda6b0000 - 0x00007ffdda6be000 	C:\Program Files\Amazon Corretto\jdk21.0.1_12\bin\instrument.dll
0x00007ffdbbce0000 - 0x00007ffdbbcff000 	C:\Program Files\Amazon Corretto\jdk21.0.1_12\bin\java.dll
0x00007ffdb4770000 - 0x00007ffdb4788000 	C:\Program Files\Amazon Corretto\jdk21.0.1_12\bin\zip.dll

dbghelp: loaded successfully - version: 4.0.5 - missing functions: none
symbol engine: initialized successfully - sym options: 0x614 - pdb path: .;C:\Program Files\Amazon Corretto\jdk21.0.1_12\bin;C:\Windows\SYSTEM32;C:\Windows\WinSxS\amd64_microsoft.windows.common-controls_6595b64144ccf1df_6.0.19041.4355_none_60b8b9eb71f62e16;C:\Program Files\Amazon Corretto\jdk21.0.1_12\bin\server

VM Arguments:
jvm_args: -Ddebugger.agent.enable.coroutines=true -Dkotlinx.coroutines.debug.enable.creation.stack.trace=false -agentlib:jdwp=transport=dt_socket,server=n,suspend=y,address=127.0.0.1:2967 -javaagent:C:\Users\AVASYS\AppData\Local\JetBrains\IdeaIC2024.2\captureAgent\debugger-agent.jar -Dfile.encoding=UTF-8 -Duser.country=US -Duser.language=en -Duser.variant 
java_command: com.aref.jdb.JdbApplication
java_class_path (initial): D:\open source\jdb\build\classes\java\main;D:\open source\jdb\build\resources\main
Launcher Type: SUN_STANDARD

[Global flags]
     intx CICompilerCount                          = 3                                         {product} {ergonomic}
     uint ConcGCThreads                            = 2                                         {product} {ergonomic}
     uint G1ConcRefinementThreads                  = 6                                         {product} {ergonomic}
   size_t G1HeapRegionSize                         = 4194304                                   {product} {ergonomic}
    uintx GCDrainStackTargetSize                   = 64                                        {product} {ergonomic}
   size_t InitialHeapSize                          = 536870912                                 {product} {ergonomic}
   size_t MarkStackSize                            = 4194304                                   {product} {ergonomic}
   size_t MaxHeapSize                              = 8556380160                                {product} {ergonomic}
   size_t MinHeapDeltaBytes                        = 4194304                                   {product} {ergonomic}
   size_t MinHeapSize                              = 8388608                                   {product} {ergonomic}
    uintx NonNMethodCodeHeapSize                   = 5832780                                {pd product} {ergonomic}
    uintx NonProfiledCodeHeapSize                  = 122912730                              {pd product} {ergonomic}
    uintx ProfiledCodeHeapSize                     = 122912730                              {pd product} {ergonomic}
    uintx ReservedCodeCacheSize                    = 251658240                              {pd product} {ergonomic}
     bool SegmentedCodeCache                       = true                                      {product} {ergonomic}
   size_t SoftMaxHeapSize                          = 8556380160                             {manageable} {ergonomic}
     bool UseCompressedOops                        = true                           {product lp64_product} {ergonomic}
     bool UseG1GC                                  = true                                      {product} {ergonomic}
     bool UseLargePagesIndividualAllocation        = false                                  {pd product} {ergonomic}

Logging:
Log output configuration:
 #0: stdout all=warning uptime,level,tags foldmultilines=false
 #1: stderr all=off uptime,level,tags foldmultilines=false

Environment Variables:
JAVA_HOME=C:\Program Files\Amazon Corretto\jdk21.0.1_12
PATH=C:\Program Files\Amazon Corretto\jdk21.0.1_12\bin;C:\gurobi951\win64\bin;C:\Program Files\Amazon Corretto\jdk1.8.0_302\bin;C:\Windows\system32;C:\Windows;C:\Windows\System32\Wbem;C:\Windows\System32\WindowsPowerShell\v1.0\;C:\Windows\System32\OpenSSH\;C:\Program Files (x86)\Intel\Intel(R) Management Engine Components\DAL;C:\Program Files\Intel\Intel(R) Management Engine Components\DAL;C:\Program Files\Git\cmd;C:\Program Files\PuTTY\;C:\Program Files\Amazon\AWSCLIV2\;C:\Users\AVASYS\AppData\Roaming\npm;D:\flutter\bin;C:\protoc\bin;C:\Program Files\TortoiseGit\bin;C:\Program Files\dotnet\;C:\ProgramData\chocolatey\bin;C:\Program Files\k6\;C:\Program Files\Docker\Docker\resources\bin;D:\graalVM\graalvm21\bin;C:\Program Files\Tailscale\;C:\Users\AVASYS\AppData\Local\Programs\Python\Python311\Scripts;C:\Program Files\Go\bin;D:\apache-maven-3.9.8\bin;C:\Program Files (x86)\Gpg4win\..\GnuPG\bin;C:\Program Files (x86)\GnuPG\bin;C:\Program Files\nodejs\;C:\Users\AVASYS\AppData\Local\Programs\Python\Python311\;C:\Users\AVASYS\.cargo\bin;C:\Program Files\Amazon Corretto\jdk1.8.0_302\bin;C:\Windows\system32;C:\Windows;C:\Windows\System32\Wbem;C:\Windows\System32\WindowsPowerShell\v1.0\;C:\Windows\System32\OpenSSH\;C:\Program Files (x86)\Intel\Intel(R) Management Engine Components\DAL;C:\Program Files\Intel\Intel(R) Management Engine Components\DAL;C:\Program Files\Git\cmd;C:\Program Files\nodejs\;C:\Program Files\Docker\Docker\resources\bin;C:\ProgramData\DockerDesktop\version-bin;C:\Program Files\PuTTY\;C:\Program Files\Amazon\AWSCLIV2\;C:\Program Files\MySQL\MySQL Shell 8.0\bin\;C:\Program Files\Amazon Corretto\jdk1.8.0_302\bin;C:\Windows\system32;C:\Windows;C:\Windows\System32\Wbem;C:\Windows\System32\WindowsPowerShell\v1.0\;C:\Windows\System32\OpenSSH\;C:\Program Files (x86)\Intel\Intel(R) Management Engine Components\DAL;C:\Program Files\Intel\Intel(R) Management Engine Components\DAL;C:\Program Files\Git\cmd;C:\Program Files\nodejs\;C:\Program Files\Docker\Docker\resources\bin;C:\ProgramData\DockerDesktop\version-bin;C:\Program Files\PuTTY\;C:\Program Files\Amazon\AWSCLIV2\;C:\Users\AVASYS\AppData\Roaming\npm;C:\Program Files\dotnet\;C:\Program Files\Amazon\ECSCLI;C:\Users\AVASYS\AppData\Local\Programs\Microsoft VS Code\bin;C:\Users\AVASYS\AppData\Roaming\npm;C:\Program Files\Amazon\ECSCLI;C:\Users\AVASYS\AppData\Local\Programs\Microsoft VS Code\bin;C:\Users\AVASYS\AppData\Roaming\npm;C:\Users\AVASYS\.dotnet\tools;D:\flutter\bin;C:\protoc\bin;C:\Users\AVASYS\AppData\Local\Programs\Julia-1.6.5\bin;C:\Program Files\JetBrains\IntelliJ IDEA 2023.2.5\bin;;C:\Users\AVASYS\go\bin;D:\apache-maven-3.9.8\bin;C:\Program Files (x86)\GnuPG\bin;
USERNAME=AVASYS
OS=Windows_NT
PROCESSOR_IDENTIFIER=Intel64 Family 6 Model 158 Stepping 10, GenuineIntel
TMP=C:\Users\AVASYS\AppData\Local\Temp
TEMP=C:\Users\AVASYS\AppData\Local\Temp




Periodic native trim disabled

---------------  S Y S T E M  ---------------

OS:
 Windows 10 , 64 bit Build 19041 (10.0.19041.5198)
OS uptime: 26 days 2:57 hours
Hyper-V role detected

CPU: total 6 (initial active 6) (6 cores per cpu, 1 threads per core) family 6 model 158 stepping 10 microcode 0xde, cx8, cmov, fxsr, mmx, 3dnowpref, sse, sse2, sse3, ssse3, sse4.1, sse4.2, popcnt, lzcnt, tsc, tscinvbit, avx, avx2, aes, erms, clmul, bmi1, bmi2, rtm, adx, fma, vzeroupper, clflush, clflushopt, hv, rdtscp, f16c
Processor Information for all 6 processors :
  Max Mhz: 3096, Current Mhz: 3096, Mhz Limit: 3096

Memory: 4k page, system-wide physical 32629M (7527M free)
TotalPageFile size 42629M (AvailPageFile size 171M)
current process WorkingSet (physical memory assigned to process): 11M, peak: 11M
current process commit charge ("private bytes"): 56M, peak: 568M

vm_info: OpenJDK 64-Bit Server VM (21.0.1+12-LTS) for windows-amd64 JRE (21.0.1+12-LTS), built on 2023-10-12T03:52:47Z by "Administrator" with MS VC++ 16.10 / 16.11 (VS2019)

END.
