#
# There is insufficient memory for the Java Runtime Environment to continue.
# Native memory allocation (malloc) failed to allocate 1128000 bytes for Chunk::new
# Possible reasons:
#   The system is out of physical RAM or swap space
#   The process is running with CompressedOops enabled, and the Java Heap may be blocking the growth of the native heap
# Possible solutions:
#   Reduce memory load on the system
#   Increase physical memory or swap space
#   Check if swap backing store is full
#   Decrease Java heap size (-Xmx/-Xms)
#   Decrease number of Java threads
#   Decrease Java thread stack sizes (-Xss)
#   Set larger code cache with -XX:ReservedCodeCacheSize=
#   JVM is running with Unscaled Compressed Oops mode in which the Java heap is
#     placed in the first 4GB address space. The Java Heap base address is the
#     maximum limit for the native heap growth. Please use -XX:HeapBaseMinAddress
#     to set the Java Heap base and to place the Java Heap above 4GB virtual address.
# This output file may be truncated or incomplete.
#
#  Out of Memory Error (arena.cpp:168), pid=28500, tid=29012
#
# JRE version: OpenJDK Runtime Environment Corretto-21.0.1.12.1 (21.0.1+12) (build 21.0.1+12-LTS)
# Java VM: OpenJDK 64-Bit Server VM Corretto-21.0.1.12.1 (21.0.1+12-LTS, mixed mode, sharing, tiered, compressed oops, compressed class ptrs, g1 gc, windows-amd64)
# No core dump will be written. Minidumps are not enabled by default on client versions of Windows
#

---------------  S U M M A R Y ------------

Command Line: --add-opens=java.base/java.lang=ALL-UNNAMED --add-opens=java.base/java.lang.invoke=ALL-UNNAMED --add-opens=java.base/java.util=ALL-UNNAMED --add-opens=java.prefs/java.util.prefs=ALL-UNNAMED --add-exports=jdk.compiler/com.sun.tools.javac.api=ALL-UNNAMED --add-exports=jdk.compiler/com.sun.tools.javac.util=ALL-UNNAMED --add-opens=java.base/java.util=ALL-UNNAMED --add-opens=java.prefs/java.util.prefs=ALL-UNNAMED --add-opens=java.base/java.nio.charset=ALL-UNNAMED --add-opens=java.base/java.net=ALL-UNNAMED --add-opens=java.base/java.util.concurrent.atomic=ALL-UNNAMED --add-opens=java.xml/javax.xml.namespace=ALL-UNNAMED -XX:MaxMetaspaceSize=384m -XX:+HeapDumpOnOutOfMemoryError -Xms256m -Xmx512m -Dfile.encoding=UTF-8 -Duser.country=US -Duser.language=en -Duser.variant -javaagent:C:\Users\AVASYS\.gradle\wrapper\dists\gradle-8.12.1-bin\eumc4uhoysa37zql93vfjkxy0\gradle-8.12.1\lib\agents\gradle-instrumentation-agent-8.12.1.jar org.gradle.launcher.daemon.bootstrap.GradleDaemon 8.12.1

Host: Intel(R) Core(TM) i5-8600 CPU @ 3.10GHz, 6 cores, 31G,  Windows 10 , 64 bit Build 19041 (10.0.19041.5198)
Time: Sat Feb 22 13:39:21 2025 Iran Standard Time elapsed time: 2311.061673 seconds (0d 0h 38m 31s)

---------------  T H R E A D  ---------------

Current thread (0x0000015a7728c460):  JavaThread "C2 CompilerThread0" daemon [_thread_in_native, id=29012, stack(0x0000000b5cb00000,0x0000000b5cc00000) (1024K)]


Current CompileTask:
C2:2311061 22641       4       org.gradle.cache.internal.btree.FreeListBlockStore$FreeListBlock::alloc (240 bytes)

Stack: [0x0000000b5cb00000,0x0000000b5cc00000]
Native frames: (J=compiled Java code, j=interpreted, Vv=VM code, C=native code)
V  [jvm.dll+0x6d2e09]
V  [jvm.dll+0x8ae5c3]
V  [jvm.dll+0x8b088e]
V  [jvm.dll+0x8b0f73]
V  [jvm.dll+0x284c76]
V  [jvm.dll+0xc5fad]
V  [jvm.dll+0xc64c3]
V  [jvm.dll+0x3bbc5b]
V  [jvm.dll+0x1e4792]
V  [jvm.dll+0x24d414]
V  [jvm.dll+0x24c891]
V  [jvm.dll+0x1cc1e1]
V  [jvm.dll+0x25be59]
V  [jvm.dll+0x25a44b]
V  [jvm.dll+0x3f5c46]
V  [jvm.dll+0x856cd8]
V  [jvm.dll+0x6d164d]
C  [ucrtbase.dll+0x21bb2]
C  [KERNEL32.DLL+0x17374]
C  [ntdll.dll+0x4cc91]


---------------  P R O C E S S  ---------------

Threads class SMR info:
_java_thread_list=0x0000015a7cf46c20, length=76, elements={
0x0000015a5c8759a0, 0x0000015a7727b4d0, 0x0000015a7727c5a0, 0x0000015a7727ea30,
0x0000015a772804a0, 0x0000015a77281740, 0x0000015a7728a360, 0x0000015a7728c460,
0x0000015a77290400, 0x0000015a77245880, 0x0000015a77670cb0, 0x0000015a7cd0fe10,
0x0000015a7ccd7e50, 0x0000015a7cce91b0, 0x0000015a7d028390, 0x0000015a7d0262c0,
0x0000015a7d24e5a0, 0x0000015a7d253460, 0x0000015a7d252740, 0x0000015a7d252dd0,
0x0000015a7d24f2c0, 0x0000015a7d253af0, 0x0000015a7d24f950, 0x0000015a7d254180,
0x0000015a7d24d880, 0x0000015a7d24df10, 0x0000015a7f70f970, 0x0000015a7d251390,
0x0000015a151b6850, 0x0000015a151b2020, 0x0000015a1569f8a0, 0x0000015a1569f210,
0x0000015a156a0c50, 0x0000015a1569bd90, 0x0000015a156a12e0, 0x0000015a7f70f2e0,
0x0000015a154b88e0, 0x0000015a154b9600, 0x0000015a154ba320, 0x0000015a154b7530,
0x0000015a154b6ea0, 0x0000015a154b7bc0, 0x0000015a154bb040, 0x0000015a154b5af0,
0x0000015a154b8250, 0x0000015a154bb6d0, 0x0000015a154ba9b0, 0x0000015a154bbd60,
0x0000015a154b6810, 0x0000015a154b5460, 0x0000015a1852a7c0, 0x0000015a185286f0,
0x0000015a1852b4e0, 0x0000015a1852bb70, 0x0000015a1852c890, 0x0000015a1852e960,
0x0000015a1852e2d0, 0x0000015a1852cf20, 0x0000015a7dc18290, 0x0000015a1852eff0,
0x0000015a1852dc40, 0x0000015a1852f680, 0x0000015a18529aa0, 0x0000015a18528d80,
0x0000015a18529410, 0x0000015a7ec72ab0, 0x0000015a7ec765c0, 0x0000015a7ec758a0,
0x0000015a7ec71d90, 0x0000015a7ec78000, 0x0000015a7ec71070, 0x0000015a7ec772e0,
0x0000015a7ec737d0, 0x0000015a7ec73e60, 0x0000015a7ec74b80, 0x0000015a7ec75f30
}

Java Threads: ( => current thread )
  0x0000015a5c8759a0 JavaThread "main"                              [_thread_blocked, id=27788, stack(0x0000000b5bd00000,0x0000000b5be00000) (1024K)]
  0x0000015a7727b4d0 JavaThread "Reference Handler"          daemon [_thread_blocked, id=9964, stack(0x0000000b5c500000,0x0000000b5c600000) (1024K)]
  0x0000015a7727c5a0 JavaThread "Finalizer"                  daemon [_thread_blocked, id=6784, stack(0x0000000b5c600000,0x0000000b5c700000) (1024K)]
  0x0000015a7727ea30 JavaThread "Signal Dispatcher"          daemon [_thread_blocked, id=35416, stack(0x0000000b5c700000,0x0000000b5c800000) (1024K)]
  0x0000015a772804a0 JavaThread "Attach Listener"            daemon [_thread_blocked, id=36788, stack(0x0000000b5c800000,0x0000000b5c900000) (1024K)]
  0x0000015a77281740 JavaThread "Service Thread"             daemon [_thread_blocked, id=19376, stack(0x0000000b5c900000,0x0000000b5ca00000) (1024K)]
  0x0000015a7728a360 JavaThread "Monitor Deflation Thread"   daemon [_thread_blocked, id=26188, stack(0x0000000b5ca00000,0x0000000b5cb00000) (1024K)]
=>0x0000015a7728c460 JavaThread "C2 CompilerThread0"         daemon [_thread_in_native, id=29012, stack(0x0000000b5cb00000,0x0000000b5cc00000) (1024K)]
  0x0000015a77290400 JavaThread "C1 CompilerThread0"         daemon [_thread_blocked, id=6208, stack(0x0000000b5cc00000,0x0000000b5cd00000) (1024K)]
  0x0000015a77245880 JavaThread "Common-Cleaner"             daemon [_thread_blocked, id=10696, stack(0x0000000b5cd00000,0x0000000b5ce00000) (1024K)]
  0x0000015a77670cb0 JavaThread "Notification Thread"        daemon [_thread_blocked, id=35552, stack(0x0000000b5ce00000,0x0000000b5cf00000) (1024K)]
  0x0000015a7cd0fe10 JavaThread "Daemon health stats"               [_thread_blocked, id=34504, stack(0x0000000b5d500000,0x0000000b5d600000) (1024K)]
  0x0000015a7ccd7e50 JavaThread "Incoming local TCP Connector on port 2541"        [_thread_in_native, id=37756, stack(0x0000000b5d600000,0x0000000b5d700000) (1024K)]
  0x0000015a7cce91b0 JavaThread "Daemon periodic checks"            [_thread_blocked, id=30908, stack(0x0000000b5d700000,0x0000000b5d800000) (1024K)]
  0x0000015a7d028390 JavaThread "Cache worker for journal cache (C:\Users\AVASYS\.gradle\caches\journal-1)"        [_thread_blocked, id=28476, stack(0x0000000b5de00000,0x0000000b5df00000) (1024K)]
  0x0000015a7d0262c0 JavaThread "File lock request listener"        [_thread_in_native, id=13776, stack(0x0000000b5df00000,0x0000000b5e000000) (1024K)]
  0x0000015a7d24e5a0 JavaThread "Cache worker for file hash cache (C:\Users\AVASYS\.gradle\caches\8.12.1\fileHashes)"        [_thread_blocked, id=37400, stack(0x0000000b5e000000,0x0000000b5e100000) (1024K)]
  0x0000015a7d253460 JavaThread "File watcher server"        daemon [_thread_in_native, id=18756, stack(0x0000000b5e500000,0x0000000b5e600000) (1024K)]
  0x0000015a7d252740 JavaThread "File watcher consumer"      daemon [_thread_blocked, id=16272, stack(0x0000000b5e600000,0x0000000b5e700000) (1024K)]
  0x0000015a7d252dd0 JavaThread "jar transforms"                    [_thread_blocked, id=8276, stack(0x0000000b5e700000,0x0000000b5e800000) (1024K)]
  0x0000015a7d24f2c0 JavaThread "jar transforms Thread 2"           [_thread_blocked, id=34168, stack(0x0000000b5e800000,0x0000000b5e900000) (1024K)]
  0x0000015a7d253af0 JavaThread "jar transforms Thread 3"           [_thread_blocked, id=26600, stack(0x0000000b5e900000,0x0000000b5ea00000) (1024K)]
  0x0000015a7d24f950 JavaThread "jar transforms Thread 4"           [_thread_blocked, id=36848, stack(0x0000000b5ea00000,0x0000000b5eb00000) (1024K)]
  0x0000015a7d254180 JavaThread "jar transforms Thread 5"           [_thread_blocked, id=11876, stack(0x0000000b5eb00000,0x0000000b5ec00000) (1024K)]
  0x0000015a7d24d880 JavaThread "jar transforms Thread 6"           [_thread_blocked, id=22612, stack(0x0000000b5ec00000,0x0000000b5ed00000) (1024K)]
  0x0000015a7d24df10 JavaThread "Cache worker for file content cache (C:\Users\AVASYS\.gradle\caches\8.12.1\fileContent)"        [_thread_blocked, id=24360, stack(0x0000000b5ee00000,0x0000000b5ef00000) (1024K)]
  0x0000015a7f70f970 JavaThread "Memory manager"                    [_thread_blocked, id=37108, stack(0x0000000b61a00000,0x0000000b61b00000) (1024K)]
  0x0000015a7d251390 JavaThread "Cache worker for Java compile cache (C:\Users\AVASYS\.gradle\caches\8.12.1\javaCompile)"        [_thread_blocked, id=3648, stack(0x0000000b63800000,0x0000000b63900000) (1024K)]
  0x0000015a151b6850 JavaThread "Daemon Thread 4"                   [_thread_blocked, id=34572, stack(0x0000000b5ba00000,0x0000000b5bb00000) (1024K)]
  0x0000015a151b2020 JavaThread "Daemon worker Thread 3"            [_thread_in_Java, id=27824, stack(0x0000000b5cf00000,0x0000000b5d000000) (1024K)]
  0x0000015a1569f8a0 JavaThread "ForkJoinPool.commonPool-worker-7" daemon [_thread_blocked, id=29444, stack(0x0000000b5f800000,0x0000000b5f900000) (1024K)]
  0x0000015a1569f210 JavaThread "ForkJoinPool.commonPool-worker-9" daemon [_thread_blocked, id=9720, stack(0x0000000b5f900000,0x0000000b5fa00000) (1024K)]
  0x0000015a156a0c50 JavaThread "ForkJoinPool.commonPool-worker-8" daemon [_thread_blocked, id=34688, stack(0x0000000b5fa00000,0x0000000b5fb00000) (1024K)]
  0x0000015a1569bd90 JavaThread "ForkJoinPool.commonPool-worker-10" daemon [_thread_blocked, id=19872, stack(0x0000000b5fb00000,0x0000000b5fc00000) (1024K)]
  0x0000015a156a12e0 JavaThread "ForkJoinPool.commonPool-worker-11" daemon [_thread_blocked, id=34776, stack(0x0000000b5fc00000,0x0000000b5fd00000) (1024K)]
  0x0000015a7f70f2e0 JavaThread "included builds"                   [_thread_blocked, id=30896, stack(0x0000000b5fd00000,0x0000000b5fe00000) (1024K)]
  0x0000015a154b88e0 JavaThread "VFS cleanup Thread 3"              [_thread_blocked, id=36112, stack(0x0000000b5d800000,0x0000000b5d900000) (1024K)]
  0x0000015a154b9600 JavaThread "Daemon Thread 5"                   [_thread_blocked, id=26916, stack(0x0000000b5da00000,0x0000000b5db00000) (1024K)]
  0x0000015a154ba320 JavaThread "Handler for socket connection from /127.0.0.1:2541 to /127.0.0.1:6160"        [_thread_in_native, id=20700, stack(0x0000000b5db00000,0x0000000b5dc00000) (1024K)]
  0x0000015a154b7530 JavaThread "Cancel handler"                    [_thread_blocked, id=22724, stack(0x0000000b5d900000,0x0000000b5da00000) (1024K)]
  0x0000015a154b6ea0 JavaThread "Asynchronous log dispatcher for DefaultDaemonConnection: socket connection from /127.0.0.1:2541 to /127.0.0.1:6160"        [_thread_blocked, id=13712, stack(0x0000000b5dd00000,0x0000000b5de00000) (1024K)]
  0x0000015a154b7bc0 JavaThread "Stdin handler"                     [_thread_blocked, id=22800, stack(0x0000000b5e100000,0x0000000b5e200000) (1024K)]
  0x0000015a154bb040 JavaThread "Daemon client event forwarder"        [_thread_blocked, id=15776, stack(0x0000000b5e300000,0x0000000b5e400000) (1024K)]
  0x0000015a154b5af0 JavaThread "Cache worker for file hash cache (D:\open source\jdb\.gradle\8.12.1\fileHashes)"        [_thread_blocked, id=36888, stack(0x0000000b5e400000,0x0000000b5e500000) (1024K)]
  0x0000015a154b8250 JavaThread "Cache worker for Build Output Cleanup Cache (D:\open source\jdb\.gradle\buildOutputCleanup)"        [_thread_blocked, id=30140, stack(0x0000000b5ed00000,0x0000000b5ee00000) (1024K)]
  0x0000015a154bb6d0 JavaThread "Cache worker for checksums cache (D:\open source\jdb\.gradle\8.12.1\checksums)"        [_thread_blocked, id=28860, stack(0x0000000b5ef00000,0x0000000b5f000000) (1024K)]
  0x0000015a154ba9b0 JavaThread "Cache worker for cache directory md-rule (C:\Users\AVASYS\.gradle\caches\8.12.1\md-rule)"        [_thread_blocked, id=25008, stack(0x0000000b5f000000,0x0000000b5f100000) (1024K)]
  0x0000015a154bbd60 JavaThread "Cache worker for cache directory md-supplier (C:\Users\AVASYS\.gradle\caches\8.12.1\md-supplier)"        [_thread_blocked, id=18072, stack(0x0000000b5f100000,0x0000000b5f200000) (1024K)]
  0x0000015a154b6810 JavaThread "Unconstrained build operations"        [_thread_blocked, id=13156, stack(0x0000000b5f200000,0x0000000b5f300000) (1024K)]
  0x0000015a154b5460 JavaThread "Unconstrained build operations Thread 2"        [_thread_blocked, id=26812, stack(0x0000000b5f300000,0x0000000b5f400000) (1024K)]
  0x0000015a1852a7c0 JavaThread "Unconstrained build operations Thread 3"        [_thread_blocked, id=11296, stack(0x0000000b5f400000,0x0000000b5f500000) (1024K)]
  0x0000015a185286f0 JavaThread "Unconstrained build operations Thread 4"        [_thread_blocked, id=33180, stack(0x0000000b5dc00000,0x0000000b5dd00000) (1024K)]
  0x0000015a1852b4e0 JavaThread "Unconstrained build operations Thread 5"        [_thread_blocked, id=36712, stack(0x0000000b5f500000,0x0000000b5f600000) (1024K)]
  0x0000015a1852bb70 JavaThread "Unconstrained build operations Thread 6"        [_thread_blocked, id=33944, stack(0x0000000b5f600000,0x0000000b5f700000) (1024K)]
  0x0000015a1852c890 JavaThread "Unconstrained build operations Thread 7"        [_thread_blocked, id=34768, stack(0x0000000b5f700000,0x0000000b5f800000) (1024K)]
  0x0000015a1852e960 JavaThread "Unconstrained build operations Thread 8"        [_thread_blocked, id=33688, stack(0x0000000b5fe00000,0x0000000b5ff00000) (1024K)]
  0x0000015a1852e2d0 JavaThread "Unconstrained build operations Thread 9"        [_thread_blocked, id=18560, stack(0x0000000b5ff00000,0x0000000b60000000) (1024K)]
  0x0000015a1852cf20 JavaThread "Unconstrained build operations Thread 10"        [_thread_blocked, id=33376, stack(0x0000000b60000000,0x0000000b60100000) (1024K)]
  0x0000015a7dc18290 JavaThread "C2 CompilerThread1"         daemon [_thread_in_native, id=23936, stack(0x0000000b60100000,0x0000000b60200000) (1024K)]
  0x0000015a1852eff0 JavaThread "Unconstrained build operations Thread 11"        [_thread_blocked, id=27692, stack(0x0000000b60200000,0x0000000b60300000) (1024K)]
  0x0000015a1852dc40 JavaThread "Unconstrained build operations Thread 12"        [_thread_blocked, id=8352, stack(0x0000000b60300000,0x0000000b60400000) (1024K)]
  0x0000015a1852f680 JavaThread "Unconstrained build operations Thread 13"        [_thread_blocked, id=35848, stack(0x0000000b60400000,0x0000000b60500000) (1024K)]
  0x0000015a18529aa0 JavaThread "Unconstrained build operations Thread 14"        [_thread_blocked, id=1676, stack(0x0000000b60500000,0x0000000b60600000) (1024K)]
  0x0000015a18528d80 JavaThread "Unconstrained build operations Thread 15"        [_thread_blocked, id=30188, stack(0x0000000b60600000,0x0000000b60700000) (1024K)]
  0x0000015a18529410 JavaThread "Unconstrained build operations Thread 16"        [_thread_blocked, id=10552, stack(0x0000000b60700000,0x0000000b60800000) (1024K)]
  0x0000015a7ec72ab0 JavaThread "Unconstrained build operations Thread 17"        [_thread_blocked, id=9604, stack(0x0000000b60800000,0x0000000b60900000) (1024K)]
  0x0000015a7ec765c0 JavaThread "Unconstrained build operations Thread 18"        [_thread_blocked, id=33548, stack(0x0000000b60900000,0x0000000b60a00000) (1024K)]
  0x0000015a7ec758a0 JavaThread "Unconstrained build operations Thread 19"        [_thread_blocked, id=24088, stack(0x0000000b60a00000,0x0000000b60b00000) (1024K)]
  0x0000015a7ec71d90 JavaThread "Unconstrained build operations Thread 20"        [_thread_blocked, id=24692, stack(0x0000000b60b00000,0x0000000b60c00000) (1024K)]
  0x0000015a7ec78000 JavaThread "included builds"                   [_thread_blocked, id=7468, stack(0x0000000b60c00000,0x0000000b60d00000) (1024K)]
  0x0000015a7ec71070 JavaThread "Execution worker"                  [_thread_blocked, id=34488, stack(0x0000000b60d00000,0x0000000b60e00000) (1024K)]
  0x0000015a7ec772e0 JavaThread "Execution worker Thread 2"         [_thread_blocked, id=34140, stack(0x0000000b60e00000,0x0000000b60f00000) (1024K)]
  0x0000015a7ec737d0 JavaThread "Execution worker Thread 3"         [_thread_blocked, id=34968, stack(0x0000000b60f00000,0x0000000b61000000) (1024K)]
  0x0000015a7ec73e60 JavaThread "Execution worker Thread 4"         [_thread_blocked, id=28432, stack(0x0000000b61000000,0x0000000b61100000) (1024K)]
  0x0000015a7ec74b80 JavaThread "Execution worker Thread 5"         [_thread_blocked, id=8864, stack(0x0000000b61100000,0x0000000b61200000) (1024K)]
  0x0000015a7ec75f30 JavaThread "Cache worker for execution history cache (D:\open source\jdb\.gradle\8.12.1\executionHistory)"        [_thread_blocked, id=34668, stack(0x0000000b61200000,0x0000000b61300000) (1024K)]
Total: 76

Other Threads:
  0x0000015a7725ab80 VMThread "VM Thread"                           [id=37632, stack(0x0000000b5c400000,0x0000000b5c500000) (1024K)]
  0x0000015a77244bd0 WatcherThread "VM Periodic Task Thread"        [id=21348, stack(0x0000000b5c300000,0x0000000b5c400000) (1024K)]
  0x0000015a5c8a1c20 WorkerThread "GC Thread#0"                     [id=35736, stack(0x0000000b5be00000,0x0000000b5bf00000) (1024K)]
  0x0000015a77855ee0 WorkerThread "GC Thread#1"                     [id=29140, stack(0x0000000b5d000000,0x0000000b5d100000) (1024K)]
  0x0000015a77a42aa0 WorkerThread "GC Thread#2"                     [id=18836, stack(0x0000000b5d100000,0x0000000b5d200000) (1024K)]
  0x0000015a77a42e40 WorkerThread "GC Thread#3"                     [id=23948, stack(0x0000000b5d200000,0x0000000b5d300000) (1024K)]
  0x0000015a776ab480 WorkerThread "GC Thread#4"                     [id=30064, stack(0x0000000b5d300000,0x0000000b5d400000) (1024K)]
  0x0000015a778b0460 WorkerThread "GC Thread#5"                     [id=14868, stack(0x0000000b5d400000,0x0000000b5d500000) (1024K)]
  0x0000015a5c8a8330 ConcurrentGCThread "G1 Main Marker"            [id=26212, stack(0x0000000b5bf00000,0x0000000b5c000000) (1024K)]
  0x0000015a5c8a8ef0 WorkerThread "G1 Conc#0"                       [id=15580, stack(0x0000000b5c000000,0x0000000b5c100000) (1024K)]
  0x0000015a7e9cdcd0 WorkerThread "G1 Conc#1"                       [id=20100, stack(0x0000000b5e200000,0x0000000b5e300000) (1024K)]
  0x0000015a5c93e410 ConcurrentGCThread "G1 Refine#0"               [id=22212, stack(0x0000000b5c100000,0x0000000b5c200000) (1024K)]
  0x0000015a7711f140 ConcurrentGCThread "G1 Service"                [id=28836, stack(0x0000000b5c200000,0x0000000b5c300000) (1024K)]
Total: 13

Threads with active compile tasks:
C2 CompilerThread0  2311082 22641       4       org.gradle.cache.internal.btree.FreeListBlockStore$FreeListBlock::alloc (240 bytes)
C1 CompilerThread0  2311082 22780       3       org.gradle.api.internal.AbstractTask::getProject (15 bytes)
C2 CompilerThread1  2311082 22778       4       java.util.TimSort::gallopLeft (335 bytes)
Total: 3

VM state: not at safepoint (normal execution)

VM Mutex/Monitor currently owned by a thread: None

Heap address: 0x00000000e0000000, size: 512 MB, Compressed Oops mode: 32-bit

CDS archive(s) mapped at: [0x0000015a00000000-0x0000015a00c90000-0x0000015a00c90000), size 13172736, SharedBaseAddress: 0x0000015a00000000, ArchiveRelocationMode: 1.
Compressed class space mapped at: 0x0000015a01000000-0x0000015a15000000, reserved size: 335544320
Narrow klass base: 0x0000015a00000000, Narrow klass shift: 0, Narrow klass range: 0x100000000

GC Precious Log:
 CardTable entry size: 512
 Card Set container configuration: InlinePtr #cards 5 size 8 Array Of Cards #cards 12 size 40 Howl #buckets 4 coarsen threshold 1843 Howl Bitmap #cards 512 size 80 coarsen threshold 460 Card regions per heap region 1 cards per card region 2048
 CPUs: 6 total, 6 available
 Memory: 32629M
 Large Page Support: Disabled
 NUMA Support: Disabled
 Compressed Oops: Enabled (32-bit)
 Heap Region Size: 1M
 Heap Min Capacity: 256M
 Heap Initial Capacity: 256M
 Heap Max Capacity: 512M
 Pre-touch: Disabled
 Parallel Workers: 6
 Concurrent Workers: 2
 Concurrent Refinement Workers: 6
 Periodic GC: Disabled

Heap:
 garbage-first heap   total 277504K, used 203916K [0x00000000e0000000, 0x0000000100000000)
  region size 1024K, 57 young (58368K), 6 survivors (6144K)
 Metaspace       used 104652K, committed 107968K, reserved 458752K
  class space    used 13798K, committed 15680K, reserved 327680K

Heap Regions: E=young(eden), S=young(survivor), O=old, HS=humongous(starts), HC=humongous(continues), CS=collection set, F=free, TAMS=top-at-mark-start, PB=parsable bottom
|   0|0x00000000e0000000, 0x00000000e0100000, 0x00000000e0100000|100%|HS|  |TAMS 0x00000000e0000000| PB 0x00000000e0000000| Complete 
|   1|0x00000000e0100000, 0x00000000e0200000, 0x00000000e0200000|100%|HC|  |TAMS 0x00000000e0100000| PB 0x00000000e0100000| Complete 
|   2|0x00000000e0200000, 0x00000000e0300000, 0x00000000e0300000|100%|HC|  |TAMS 0x00000000e0200000| PB 0x00000000e0200000| Complete 
|   3|0x00000000e0300000, 0x00000000e0400000, 0x00000000e0400000|100%| O|  |TAMS 0x00000000e0300000| PB 0x00000000e0300000| Untracked 
|   4|0x00000000e0400000, 0x00000000e0500000, 0x00000000e0500000|100%| O|  |TAMS 0x00000000e0400000| PB 0x00000000e0400000| Untracked 
|   5|0x00000000e0500000, 0x00000000e0600000, 0x00000000e0600000|100%| O|  |TAMS 0x00000000e0500000| PB 0x00000000e0500000| Untracked 
|   6|0x00000000e0600000, 0x00000000e0700000, 0x00000000e0700000|100%|HS|  |TAMS 0x00000000e0600000| PB 0x00000000e0600000| Complete 
|   7|0x00000000e0700000, 0x00000000e0800000, 0x00000000e0800000|100%| O|  |TAMS 0x00000000e0700000| PB 0x00000000e0700000| Untracked 
|   8|0x00000000e0800000, 0x00000000e0900000, 0x00000000e0900000|100%| O|  |TAMS 0x00000000e0800000| PB 0x00000000e0800000| Untracked 
|   9|0x00000000e0900000, 0x00000000e0a00000, 0x00000000e0a00000|100%| O|  |TAMS 0x00000000e0900000| PB 0x00000000e0900000| Untracked 
|  10|0x00000000e0a00000, 0x00000000e0b00000, 0x00000000e0b00000|100%| O|  |TAMS 0x00000000e0a00000| PB 0x00000000e0a00000| Untracked 
|  11|0x00000000e0b00000, 0x00000000e0c00000, 0x00000000e0c00000|100%| O|  |TAMS 0x00000000e0b00000| PB 0x00000000e0b00000| Untracked 
|  12|0x00000000e0c00000, 0x00000000e0d00000, 0x00000000e0d00000|100%| O|  |TAMS 0x00000000e0c00000| PB 0x00000000e0c00000| Untracked 
|  13|0x00000000e0d00000, 0x00000000e0e00000, 0x00000000e0e00000|100%|HS|  |TAMS 0x00000000e0d00000| PB 0x00000000e0d00000| Complete 
|  14|0x00000000e0e00000, 0x00000000e0f00000, 0x00000000e0f00000|100%|HC|  |TAMS 0x00000000e0e00000| PB 0x00000000e0e00000| Complete 
|  15|0x00000000e0f00000, 0x00000000e1000000, 0x00000000e1000000|100%|HC|  |TAMS 0x00000000e0f00000| PB 0x00000000e0f00000| Complete 
|  16|0x00000000e1000000, 0x00000000e1100000, 0x00000000e1100000|100%|HC|  |TAMS 0x00000000e1000000| PB 0x00000000e1000000| Complete 
|  17|0x00000000e1100000, 0x00000000e1200000, 0x00000000e1200000|100%|HC|  |TAMS 0x00000000e1100000| PB 0x00000000e1100000| Complete 
|  18|0x00000000e1200000, 0x00000000e1300000, 0x00000000e1300000|100%|HS|  |TAMS 0x00000000e1200000| PB 0x00000000e1200000| Complete 
|  19|0x00000000e1300000, 0x00000000e1400000, 0x00000000e1400000|100%|HC|  |TAMS 0x00000000e1300000| PB 0x00000000e1300000| Complete 
|  20|0x00000000e1400000, 0x00000000e1500000, 0x00000000e1500000|100%|HC|  |TAMS 0x00000000e1400000| PB 0x00000000e1400000| Complete 
|  21|0x00000000e1500000, 0x00000000e1600000, 0x00000000e1600000|100%|HS|  |TAMS 0x00000000e1500000| PB 0x00000000e1500000| Complete 
|  22|0x00000000e1600000, 0x00000000e1700000, 0x00000000e1700000|100%|HC|  |TAMS 0x00000000e1600000| PB 0x00000000e1600000| Complete 
|  23|0x00000000e1700000, 0x00000000e1800000, 0x00000000e1800000|100%| O|  |TAMS 0x00000000e1700000| PB 0x00000000e1700000| Untracked 
|  24|0x00000000e1800000, 0x00000000e1900000, 0x00000000e1900000|100%| O|  |TAMS 0x00000000e1800000| PB 0x00000000e1800000| Untracked 
|  25|0x00000000e1900000, 0x00000000e1a00000, 0x00000000e1a00000|100%| O|  |TAMS 0x00000000e1900000| PB 0x00000000e1900000| Untracked 
|  26|0x00000000e1a00000, 0x00000000e1b00000, 0x00000000e1b00000|100%| O|  |TAMS 0x00000000e1a00000| PB 0x00000000e1a00000| Untracked 
|  27|0x00000000e1b00000, 0x00000000e1c00000, 0x00000000e1c00000|100%| O|Cm|TAMS 0x00000000e1b00000| PB 0x00000000e1b00000| Complete 
|  28|0x00000000e1c00000, 0x00000000e1d00000, 0x00000000e1d00000|100%| O|  |TAMS 0x00000000e1c00000| PB 0x00000000e1c00000| Untracked 
|  29|0x00000000e1d00000, 0x00000000e1e00000, 0x00000000e1e00000|100%| O|  |TAMS 0x00000000e1d00000| PB 0x00000000e1d00000| Untracked 
|  30|0x00000000e1e00000, 0x00000000e1f00000, 0x00000000e1f00000|100%| O|  |TAMS 0x00000000e1e00000| PB 0x00000000e1e00000| Untracked 
|  31|0x00000000e1f00000, 0x00000000e2000000, 0x00000000e2000000|100%|HS|  |TAMS 0x00000000e1f00000| PB 0x00000000e1f00000| Complete 
|  32|0x00000000e2000000, 0x00000000e2100000, 0x00000000e2100000|100%|HC|  |TAMS 0x00000000e2000000| PB 0x00000000e2000000| Complete 
|  33|0x00000000e2100000, 0x00000000e2200000, 0x00000000e2200000|100%|HC|  |TAMS 0x00000000e2100000| PB 0x00000000e2100000| Complete 
|  34|0x00000000e2200000, 0x00000000e2300000, 0x00000000e2300000|100%|HC|  |TAMS 0x00000000e2200000| PB 0x00000000e2200000| Complete 
|  35|0x00000000e2300000, 0x00000000e2400000, 0x00000000e2400000|100%|HC|  |TAMS 0x00000000e2300000| PB 0x00000000e2300000| Complete 
|  36|0x00000000e2400000, 0x00000000e2500000, 0x00000000e2500000|100%|HS|  |TAMS 0x00000000e2400000| PB 0x00000000e2400000| Complete 
|  37|0x00000000e2500000, 0x00000000e2600000, 0x00000000e2600000|100%|HC|  |TAMS 0x00000000e2500000| PB 0x00000000e2500000| Complete 
|  38|0x00000000e2600000, 0x00000000e2700000, 0x00000000e2700000|100%|HS|  |TAMS 0x00000000e2600000| PB 0x00000000e2600000| Complete 
|  39|0x00000000e2700000, 0x00000000e2800000, 0x00000000e2800000|100%|HC|  |TAMS 0x00000000e2700000| PB 0x00000000e2700000| Complete 
|  40|0x00000000e2800000, 0x00000000e2900000, 0x00000000e2900000|100%|HC|  |TAMS 0x00000000e2800000| PB 0x00000000e2800000| Complete 
|  41|0x00000000e2900000, 0x00000000e2a00000, 0x00000000e2a00000|100%|HC|  |TAMS 0x00000000e2900000| PB 0x00000000e2900000| Complete 
|  42|0x00000000e2a00000, 0x00000000e2b00000, 0x00000000e2b00000|100%|HC|  |TAMS 0x00000000e2a00000| PB 0x00000000e2a00000| Complete 
|  43|0x00000000e2b00000, 0x00000000e2c00000, 0x00000000e2c00000|100%| O|  |TAMS 0x00000000e2b00000| PB 0x00000000e2b00000| Untracked 
|  44|0x00000000e2c00000, 0x00000000e2d00000, 0x00000000e2d00000|100%| O|  |TAMS 0x00000000e2c00000| PB 0x00000000e2c00000| Untracked 
|  45|0x00000000e2d00000, 0x00000000e2e00000, 0x00000000e2e00000|100%| O|  |TAMS 0x00000000e2d00000| PB 0x00000000e2d00000| Untracked 
|  46|0x00000000e2e00000, 0x00000000e2f00000, 0x00000000e2f00000|100%| O|  |TAMS 0x00000000e2e00000| PB 0x00000000e2e00000| Untracked 
|  47|0x00000000e2f00000, 0x00000000e3000000, 0x00000000e3000000|100%| O|  |TAMS 0x00000000e2f00000| PB 0x00000000e2f00000| Untracked 
|  48|0x00000000e3000000, 0x00000000e3100000, 0x00000000e3100000|100%| O|  |TAMS 0x00000000e3000000| PB 0x00000000e3000000| Untracked 
|  49|0x00000000e3100000, 0x00000000e3200000, 0x00000000e3200000|100%| O|  |TAMS 0x00000000e3100000| PB 0x00000000e3100000| Untracked 
|  50|0x00000000e3200000, 0x00000000e3300000, 0x00000000e3300000|100%| O|  |TAMS 0x00000000e3200000| PB 0x00000000e3200000| Untracked 
|  51|0x00000000e3300000, 0x00000000e3400000, 0x00000000e3400000|100%| O|Cm|TAMS 0x00000000e3300000| PB 0x00000000e3300000| Complete 
|  52|0x00000000e3400000, 0x00000000e3500000, 0x00000000e3500000|100%| O|  |TAMS 0x00000000e3400000| PB 0x00000000e3400000| Untracked 
|  53|0x00000000e3500000, 0x00000000e3600000, 0x00000000e3600000|100%| O|  |TAMS 0x00000000e3500000| PB 0x00000000e3500000| Untracked 
|  54|0x00000000e3600000, 0x00000000e3700000, 0x00000000e3700000|100%| O|  |TAMS 0x00000000e3600000| PB 0x00000000e3600000| Untracked 
|  55|0x00000000e3700000, 0x00000000e3800000, 0x00000000e3800000|100%| O|  |TAMS 0x00000000e3700000| PB 0x00000000e3700000| Untracked 
|  56|0x00000000e3800000, 0x00000000e3900000, 0x00000000e3900000|100%| O|Cm|TAMS 0x00000000e3800000| PB 0x00000000e3800000| Complete 
|  57|0x00000000e3900000, 0x00000000e3a00000, 0x00000000e3a00000|100%| O|  |TAMS 0x00000000e3900000| PB 0x00000000e3900000| Untracked 
|  58|0x00000000e3a00000, 0x00000000e3b00000, 0x00000000e3b00000|100%| O|  |TAMS 0x00000000e3a00000| PB 0x00000000e3a00000| Untracked 
|  59|0x00000000e3b00000, 0x00000000e3c00000, 0x00000000e3c00000|100%| O|  |TAMS 0x00000000e3b00000| PB 0x00000000e3b00000| Untracked 
|  60|0x00000000e3c00000, 0x00000000e3d00000, 0x00000000e3d00000|100%| O|  |TAMS 0x00000000e3c00000| PB 0x00000000e3c00000| Untracked 
|  61|0x00000000e3d00000, 0x00000000e3e00000, 0x00000000e3e00000|100%| O|  |TAMS 0x00000000e3d00000| PB 0x00000000e3d00000| Untracked 
|  62|0x00000000e3e00000, 0x00000000e3f00000, 0x00000000e3f00000|100%| O|  |TAMS 0x00000000e3e00000| PB 0x00000000e3e00000| Untracked 
|  63|0x00000000e3f00000, 0x00000000e4000000, 0x00000000e4000000|100%| O|  |TAMS 0x00000000e3f00000| PB 0x00000000e3f00000| Untracked 
|  64|0x00000000e4000000, 0x00000000e4100000, 0x00000000e4100000|100%| O|Cm|TAMS 0x00000000e4000000| PB 0x00000000e4000000| Complete 
|  65|0x00000000e4100000, 0x00000000e4200000, 0x00000000e4200000|100%| O|Cm|TAMS 0x00000000e4100000| PB 0x00000000e4100000| Complete 
|  66|0x00000000e4200000, 0x00000000e4300000, 0x00000000e4300000|100%| O|  |TAMS 0x00000000e4200000| PB 0x00000000e4200000| Untracked 
|  67|0x00000000e4300000, 0x00000000e4400000, 0x00000000e4400000|100%| O|  |TAMS 0x00000000e4300000| PB 0x00000000e4300000| Untracked 
|  68|0x00000000e4400000, 0x00000000e4500000, 0x00000000e4500000|100%| O|  |TAMS 0x00000000e4400000| PB 0x00000000e4400000| Untracked 
|  69|0x00000000e4500000, 0x00000000e4600000, 0x00000000e4600000|100%| O|  |TAMS 0x00000000e4500000| PB 0x00000000e4500000| Untracked 
|  70|0x00000000e4600000, 0x00000000e4700000, 0x00000000e4700000|100%| O|Cm|TAMS 0x00000000e4600000| PB 0x00000000e4600000| Complete 
|  71|0x00000000e4700000, 0x00000000e4800000, 0x00000000e4800000|100%| O|Cm|TAMS 0x00000000e4700000| PB 0x00000000e4700000| Complete 
|  72|0x00000000e4800000, 0x00000000e4900000, 0x00000000e4900000|100%| O|Cm|TAMS 0x00000000e4800000| PB 0x00000000e4800000| Complete 
|  73|0x00000000e4900000, 0x00000000e4a00000, 0x00000000e4a00000|100%| O|Cm|TAMS 0x00000000e4900000| PB 0x00000000e4900000| Complete 
|  74|0x00000000e4a00000, 0x00000000e4b00000, 0x00000000e4b00000|100%| O|  |TAMS 0x00000000e4a00000| PB 0x00000000e4a00000| Untracked 
|  75|0x00000000e4b00000, 0x00000000e4c00000, 0x00000000e4c00000|100%| O|  |TAMS 0x00000000e4b00000| PB 0x00000000e4b00000| Untracked 
|  76|0x00000000e4c00000, 0x00000000e4d00000, 0x00000000e4d00000|100%| O|  |TAMS 0x00000000e4c00000| PB 0x00000000e4c00000| Untracked 
|  77|0x00000000e4d00000, 0x00000000e4d00000, 0x00000000e4e00000|  0%| F|  |TAMS 0x00000000e4d00000| PB 0x00000000e4d00000| Untracked 
|  78|0x00000000e4e00000, 0x00000000e4f00000, 0x00000000e4f00000|100%| O|  |TAMS 0x00000000e4e00000| PB 0x00000000e4e00000| Untracked 
|  79|0x00000000e4f00000, 0x00000000e5000000, 0x00000000e5000000|100%|HS|  |TAMS 0x00000000e4f00000| PB 0x00000000e4f00000| Complete 
|  80|0x00000000e5000000, 0x00000000e5100000, 0x00000000e5100000|100%|HC|  |TAMS 0x00000000e5000000| PB 0x00000000e5000000| Complete 
|  81|0x00000000e5100000, 0x00000000e5200000, 0x00000000e5200000|100%|HS|  |TAMS 0x00000000e5100000| PB 0x00000000e5100000| Complete 
|  82|0x00000000e5200000, 0x00000000e5300000, 0x00000000e5300000|100%|HS|  |TAMS 0x00000000e5200000| PB 0x00000000e5200000| Complete 
|  83|0x00000000e5300000, 0x00000000e5400000, 0x00000000e5400000|100%|HC|  |TAMS 0x00000000e5300000| PB 0x00000000e5300000| Complete 
|  84|0x00000000e5400000, 0x00000000e5500000, 0x00000000e5500000|100%|HC|  |TAMS 0x00000000e5400000| PB 0x00000000e5400000| Complete 
|  85|0x00000000e5500000, 0x00000000e5600000, 0x00000000e5600000|100%|HC|  |TAMS 0x00000000e5500000| PB 0x00000000e5500000| Complete 
|  86|0x00000000e5600000, 0x00000000e5700000, 0x00000000e5700000|100%|HC|  |TAMS 0x00000000e5600000| PB 0x00000000e5600000| Complete 
|  87|0x00000000e5700000, 0x00000000e5800000, 0x00000000e5800000|100%|HS|  |TAMS 0x00000000e5700000| PB 0x00000000e5700000| Complete 
|  88|0x00000000e5800000, 0x00000000e5900000, 0x00000000e5900000|100%|HC|  |TAMS 0x00000000e5800000| PB 0x00000000e5800000| Complete 
|  89|0x00000000e5900000, 0x00000000e5a00000, 0x00000000e5a00000|100%|HC|  |TAMS 0x00000000e5900000| PB 0x00000000e5900000| Complete 
|  90|0x00000000e5a00000, 0x00000000e5b00000, 0x00000000e5b00000|100%|HS|  |TAMS 0x00000000e5a00000| PB 0x00000000e5a00000| Complete 
|  91|0x00000000e5b00000, 0x00000000e5c00000, 0x00000000e5c00000|100%| O|  |TAMS 0x00000000e5b00000| PB 0x00000000e5b00000| Untracked 
|  92|0x00000000e5c00000, 0x00000000e5d00000, 0x00000000e5d00000|100%| O|  |TAMS 0x00000000e5c00000| PB 0x00000000e5c00000| Untracked 
|  93|0x00000000e5d00000, 0x00000000e5e00000, 0x00000000e5e00000|100%| O|  |TAMS 0x00000000e5d00000| PB 0x00000000e5d00000| Untracked 
|  94|0x00000000e5e00000, 0x00000000e5f00000, 0x00000000e5f00000|100%| O|  |TAMS 0x00000000e5e00000| PB 0x00000000e5e00000| Untracked 
|  95|0x00000000e5f00000, 0x00000000e6000000, 0x00000000e6000000|100%| O|Cm|TAMS 0x00000000e5f00000| PB 0x00000000e5f00000| Complete 
|  96|0x00000000e6000000, 0x00000000e6100000, 0x00000000e6100000|100%| O|Cm|TAMS 0x00000000e6000000| PB 0x00000000e6000000| Complete 
|  97|0x00000000e6100000, 0x00000000e6200000, 0x00000000e6200000|100%| O|Cm|TAMS 0x00000000e6100000| PB 0x00000000e6100000| Complete 
|  98|0x00000000e6200000, 0x00000000e6200000, 0x00000000e6300000|  0%| F|  |TAMS 0x00000000e6200000| PB 0x00000000e6200000| Untracked 
|  99|0x00000000e6300000, 0x00000000e6400000, 0x00000000e6400000|100%| O|Cm|TAMS 0x00000000e6300000| PB 0x00000000e6300000| Complete 
| 100|0x00000000e6400000, 0x00000000e6400000, 0x00000000e6500000|  0%| F|  |TAMS 0x00000000e6400000| PB 0x00000000e6400000| Untracked 
| 101|0x00000000e6500000, 0x00000000e6500000, 0x00000000e6600000|  0%| F|  |TAMS 0x00000000e6500000| PB 0x00000000e6500000| Untracked 
| 102|0x00000000e6600000, 0x00000000e6600000, 0x00000000e6700000|  0%| F|  |TAMS 0x00000000e6600000| PB 0x00000000e6600000| Untracked 
| 103|0x00000000e6700000, 0x00000000e6800000, 0x00000000e6800000|100%|HS|  |TAMS 0x00000000e6700000| PB 0x00000000e6700000| Complete 
| 104|0x00000000e6800000, 0x00000000e6900000, 0x00000000e6900000|100%|HC|  |TAMS 0x00000000e6800000| PB 0x00000000e6800000| Complete 
| 105|0x00000000e6900000, 0x00000000e6a00000, 0x00000000e6a00000|100%| O|Cm|TAMS 0x00000000e6900000| PB 0x00000000e6900000| Complete 
| 106|0x00000000e6a00000, 0x00000000e6b00000, 0x00000000e6b00000|100%| O|Cm|TAMS 0x00000000e6a00000| PB 0x00000000e6a00000| Complete 
| 107|0x00000000e6b00000, 0x00000000e6c00000, 0x00000000e6c00000|100%| O|Cm|TAMS 0x00000000e6b00000| PB 0x00000000e6b00000| Complete 
| 108|0x00000000e6c00000, 0x00000000e6d00000, 0x00000000e6d00000|100%| O|Cm|TAMS 0x00000000e6c00000| PB 0x00000000e6c00000| Complete 
| 109|0x00000000e6d00000, 0x00000000e6e00000, 0x00000000e6e00000|100%| O|  |TAMS 0x00000000e6d00000| PB 0x00000000e6d00000| Untracked 
| 110|0x00000000e6e00000, 0x00000000e6f00000, 0x00000000e6f00000|100%| O|Cm|TAMS 0x00000000e6e00000| PB 0x00000000e6e00000| Complete 
| 111|0x00000000e6f00000, 0x00000000e7000000, 0x00000000e7000000|100%| O|  |TAMS 0x00000000e6f00000| PB 0x00000000e6f00000| Untracked 
| 112|0x00000000e7000000, 0x00000000e7100000, 0x00000000e7100000|100%| O|  |TAMS 0x00000000e7000000| PB 0x00000000e7000000| Untracked 
| 113|0x00000000e7100000, 0x00000000e7200000, 0x00000000e7200000|100%| O|  |TAMS 0x00000000e7100000| PB 0x00000000e7100000| Untracked 
| 114|0x00000000e7200000, 0x00000000e7300000, 0x00000000e7300000|100%| O|  |TAMS 0x00000000e7200000| PB 0x00000000e7200000| Untracked 
| 115|0x00000000e7300000, 0x00000000e7400000, 0x00000000e7400000|100%| O|  |TAMS 0x00000000e7300000| PB 0x00000000e7300000| Untracked 
| 116|0x00000000e7400000, 0x00000000e7500000, 0x00000000e7500000|100%| O|  |TAMS 0x00000000e7400000| PB 0x00000000e7400000| Untracked 
| 117|0x00000000e7500000, 0x00000000e7600000, 0x00000000e7600000|100%| O|Cm|TAMS 0x00000000e7500000| PB 0x00000000e7500000| Complete 
| 118|0x00000000e7600000, 0x00000000e7700000, 0x00000000e7700000|100%| O|Cm|TAMS 0x00000000e7600000| PB 0x00000000e7600000| Complete 
| 119|0x00000000e7700000, 0x00000000e7800000, 0x00000000e7800000|100%| O|Cm|TAMS 0x00000000e7700000| PB 0x00000000e7700000| Complete 
| 120|0x00000000e7800000, 0x00000000e7900000, 0x00000000e7900000|100%| O|  |TAMS 0x00000000e7800000| PB 0x00000000e7800000| Untracked 
| 121|0x00000000e7900000, 0x00000000e7a00000, 0x00000000e7a00000|100%| O|Cm|TAMS 0x00000000e7900000| PB 0x00000000e7900000| Complete 
| 122|0x00000000e7a00000, 0x00000000e7a00000, 0x00000000e7b00000|  0%| F|  |TAMS 0x00000000e7a00000| PB 0x00000000e7a00000| Untracked 
| 123|0x00000000e7b00000, 0x00000000e7c00000, 0x00000000e7c00000|100%| O|Cm|TAMS 0x00000000e7b00000| PB 0x00000000e7b00000| Complete 
| 124|0x00000000e7c00000, 0x00000000e7d00000, 0x00000000e7d00000|100%| O|Cm|TAMS 0x00000000e7c00000| PB 0x00000000e7c00000| Complete 
| 125|0x00000000e7d00000, 0x00000000e7e00000, 0x00000000e7e00000|100%| O|Cm|TAMS 0x00000000e7d00000| PB 0x00000000e7d00000| Complete 
| 126|0x00000000e7e00000, 0x00000000e7f00000, 0x00000000e7f00000|100%| O|  |TAMS 0x00000000e7e00000| PB 0x00000000e7e00000| Untracked 
| 127|0x00000000e7f00000, 0x00000000e8000000, 0x00000000e8000000|100%| O|  |TAMS 0x00000000e7f00000| PB 0x00000000e7f00000| Untracked 
| 128|0x00000000e8000000, 0x00000000e8100000, 0x00000000e8100000|100%| O|Cm|TAMS 0x00000000e8000000| PB 0x00000000e8000000| Complete 
| 129|0x00000000e8100000, 0x00000000e8200000, 0x00000000e8200000|100%| O|Cm|TAMS 0x00000000e8100000| PB 0x00000000e8100000| Complete 
| 130|0x00000000e8200000, 0x00000000e8300000, 0x00000000e8300000|100%| O|  |TAMS 0x00000000e8200000| PB 0x00000000e8200000| Untracked 
| 131|0x00000000e8300000, 0x00000000e8400000, 0x00000000e8400000|100%| O|  |TAMS 0x00000000e8300000| PB 0x00000000e8300000| Untracked 
| 132|0x00000000e8400000, 0x00000000e8500000, 0x00000000e8500000|100%| O|Cm|TAMS 0x00000000e8400000| PB 0x00000000e8400000| Complete 
| 133|0x00000000e8500000, 0x00000000e8500000, 0x00000000e8600000|  0%| F|  |TAMS 0x00000000e8500000| PB 0x00000000e8500000| Untracked 
| 134|0x00000000e8600000, 0x00000000e8700000, 0x00000000e8700000|100%| O|Cm|TAMS 0x00000000e8600000| PB 0x00000000e8600000| Complete 
| 135|0x00000000e8700000, 0x00000000e8800000, 0x00000000e8800000|100%| O|  |TAMS 0x00000000e8700000| PB 0x00000000e8700000| Untracked 
| 136|0x00000000e8800000, 0x00000000e8900000, 0x00000000e8900000|100%| O|Cm|TAMS 0x00000000e8800000| PB 0x00000000e8800000| Complete 
| 137|0x00000000e8900000, 0x00000000e8a00000, 0x00000000e8a00000|100%| O|Cm|TAMS 0x00000000e8900000| PB 0x00000000e8900000| Complete 
| 138|0x00000000e8a00000, 0x00000000e8b00000, 0x00000000e8b00000|100%| O|Cm|TAMS 0x00000000e8a00000| PB 0x00000000e8a00000| Complete 
| 139|0x00000000e8b00000, 0x00000000e8c00000, 0x00000000e8c00000|100%| O|  |TAMS 0x00000000e8b00000| PB 0x00000000e8b00000| Untracked 
| 140|0x00000000e8c00000, 0x00000000e8d00000, 0x00000000e8d00000|100%|HS|  |TAMS 0x00000000e8c00000| PB 0x00000000e8c00000| Complete 
| 141|0x00000000e8d00000, 0x00000000e8e00000, 0x00000000e8e00000|100%| O|Cm|TAMS 0x00000000e8d00000| PB 0x00000000e8d00000| Complete 
| 142|0x00000000e8e00000, 0x00000000e8f00000, 0x00000000e8f00000|100%| O|  |TAMS 0x00000000e8e00000| PB 0x00000000e8e00000| Untracked 
| 143|0x00000000e8f00000, 0x00000000e9000000, 0x00000000e9000000|100%| O|  |TAMS 0x00000000e8f00000| PB 0x00000000e8f00000| Untracked 
| 144|0x00000000e9000000, 0x00000000e9100000, 0x00000000e9100000|100%| O|Cm|TAMS 0x00000000e9000000| PB 0x00000000e9000000| Complete 
| 145|0x00000000e9100000, 0x00000000e9200000, 0x00000000e9200000|100%| O|  |TAMS 0x00000000e9100000| PB 0x00000000e9100000| Untracked 
| 146|0x00000000e9200000, 0x00000000e9300000, 0x00000000e9300000|100%| O|Cm|TAMS 0x00000000e9200000| PB 0x00000000e9200000| Complete 
| 147|0x00000000e9300000, 0x00000000e9400000, 0x00000000e9400000|100%| O|  |TAMS 0x00000000e9300000| PB 0x00000000e9300000| Untracked 
| 148|0x00000000e9400000, 0x00000000e9400000, 0x00000000e9500000|  0%| F|  |TAMS 0x00000000e9400000| PB 0x00000000e9400000| Untracked 
| 149|0x00000000e9500000, 0x00000000e9500000, 0x00000000e9600000|  0%| F|  |TAMS 0x00000000e9500000| PB 0x00000000e9500000| Untracked 
| 150|0x00000000e9600000, 0x00000000e9600000, 0x00000000e9700000|  0%| F|  |TAMS 0x00000000e9600000| PB 0x00000000e9600000| Untracked 
| 151|0x00000000e9700000, 0x00000000e9700000, 0x00000000e9800000|  0%| F|  |TAMS 0x00000000e9700000| PB 0x00000000e9700000| Untracked 
| 152|0x00000000e9800000, 0x00000000e9800000, 0x00000000e9900000|  0%| F|  |TAMS 0x00000000e9800000| PB 0x00000000e9800000| Untracked 
| 153|0x00000000e9900000, 0x00000000e9900000, 0x00000000e9a00000|  0%| F|  |TAMS 0x00000000e9900000| PB 0x00000000e9900000| Untracked 
| 154|0x00000000e9a00000, 0x00000000e9af93d0, 0x00000000e9b00000| 97%| S|CS|TAMS 0x00000000e9a00000| PB 0x00000000e9a00000| Complete 
| 155|0x00000000e9b00000, 0x00000000e9b00000, 0x00000000e9c00000|  0%| F|  |TAMS 0x00000000e9b00000| PB 0x00000000e9b00000| Untracked 
| 156|0x00000000e9c00000, 0x00000000e9c00000, 0x00000000e9d00000|  0%| F|  |TAMS 0x00000000e9c00000| PB 0x00000000e9c00000| Untracked 
| 157|0x00000000e9d00000, 0x00000000e9d00000, 0x00000000e9e00000|  0%| F|  |TAMS 0x00000000e9d00000| PB 0x00000000e9d00000| Untracked 
| 158|0x00000000e9e00000, 0x00000000e9e00000, 0x00000000e9f00000|  0%| F|  |TAMS 0x00000000e9e00000| PB 0x00000000e9e00000| Untracked 
| 159|0x00000000e9f00000, 0x00000000ea000000, 0x00000000ea000000|100%| O|Cm|TAMS 0x00000000e9f00000| PB 0x00000000e9f00000| Complete 
| 160|0x00000000ea000000, 0x00000000ea100000, 0x00000000ea100000|100%| O|Cm|TAMS 0x00000000ea000000| PB 0x00000000ea000000| Complete 
| 161|0x00000000ea100000, 0x00000000ea129f50, 0x00000000ea200000| 16%| O|  |TAMS 0x00000000ea100000| PB 0x00000000ea100000| Untracked 
| 162|0x00000000ea200000, 0x00000000ea300000, 0x00000000ea300000|100%| S|CS|TAMS 0x00000000ea200000| PB 0x00000000ea200000| Complete 
| 163|0x00000000ea300000, 0x00000000ea400000, 0x00000000ea400000|100%| S|CS|TAMS 0x00000000ea300000| PB 0x00000000ea300000| Complete 
| 164|0x00000000ea400000, 0x00000000ea500000, 0x00000000ea500000|100%| S|CS|TAMS 0x00000000ea400000| PB 0x00000000ea400000| Complete 
| 165|0x00000000ea500000, 0x00000000ea600000, 0x00000000ea600000|100%| S|CS|TAMS 0x00000000ea500000| PB 0x00000000ea500000| Complete 
| 166|0x00000000ea600000, 0x00000000ea700000, 0x00000000ea700000|100%| S|CS|TAMS 0x00000000ea600000| PB 0x00000000ea600000| Complete 
| 167|0x00000000ea700000, 0x00000000ea700000, 0x00000000ea800000|  0%| F|  |TAMS 0x00000000ea700000| PB 0x00000000ea700000| Untracked 
| 168|0x00000000ea800000, 0x00000000ea800000, 0x00000000ea900000|  0%| F|  |TAMS 0x00000000ea800000| PB 0x00000000ea800000| Untracked 
| 169|0x00000000ea900000, 0x00000000ea900000, 0x00000000eaa00000|  0%| F|  |TAMS 0x00000000ea900000| PB 0x00000000ea900000| Untracked 
| 170|0x00000000eaa00000, 0x00000000eaa00000, 0x00000000eab00000|  0%| F|  |TAMS 0x00000000eaa00000| PB 0x00000000eaa00000| Untracked 
| 171|0x00000000eab00000, 0x00000000eab00000, 0x00000000eac00000|  0%| F|  |TAMS 0x00000000eab00000| PB 0x00000000eab00000| Untracked 
| 172|0x00000000eac00000, 0x00000000eac00000, 0x00000000ead00000|  0%| F|  |TAMS 0x00000000eac00000| PB 0x00000000eac00000| Untracked 
| 173|0x00000000ead00000, 0x00000000ead00000, 0x00000000eae00000|  0%| F|  |TAMS 0x00000000ead00000| PB 0x00000000ead00000| Untracked 
| 174|0x00000000eae00000, 0x00000000eae00000, 0x00000000eaf00000|  0%| F|  |TAMS 0x00000000eae00000| PB 0x00000000eae00000| Untracked 
| 175|0x00000000eaf00000, 0x00000000eaf00000, 0x00000000eb000000|  0%| F|  |TAMS 0x00000000eaf00000| PB 0x00000000eaf00000| Untracked 
| 176|0x00000000eb000000, 0x00000000eb000000, 0x00000000eb100000|  0%| F|  |TAMS 0x00000000eb000000| PB 0x00000000eb000000| Untracked 
| 177|0x00000000eb100000, 0x00000000eb100000, 0x00000000eb200000|  0%| F|  |TAMS 0x00000000eb100000| PB 0x00000000eb100000| Untracked 
| 178|0x00000000eb200000, 0x00000000eb200000, 0x00000000eb300000|  0%| F|  |TAMS 0x00000000eb200000| PB 0x00000000eb200000| Untracked 
| 179|0x00000000eb300000, 0x00000000eb300000, 0x00000000eb400000|  0%| F|  |TAMS 0x00000000eb300000| PB 0x00000000eb300000| Untracked 
| 180|0x00000000eb400000, 0x00000000eb400000, 0x00000000eb500000|  0%| F|  |TAMS 0x00000000eb400000| PB 0x00000000eb400000| Untracked 
| 181|0x00000000eb500000, 0x00000000eb500000, 0x00000000eb600000|  0%| F|  |TAMS 0x00000000eb500000| PB 0x00000000eb500000| Untracked 
| 182|0x00000000eb600000, 0x00000000eb600000, 0x00000000eb700000|  0%| F|  |TAMS 0x00000000eb600000| PB 0x00000000eb600000| Untracked 
| 183|0x00000000eb700000, 0x00000000eb700000, 0x00000000eb800000|  0%| F|  |TAMS 0x00000000eb700000| PB 0x00000000eb700000| Untracked 
| 184|0x00000000eb800000, 0x00000000eb800000, 0x00000000eb900000|  0%| F|  |TAMS 0x00000000eb800000| PB 0x00000000eb800000| Untracked 
| 185|0x00000000eb900000, 0x00000000eb900000, 0x00000000eba00000|  0%| F|  |TAMS 0x00000000eb900000| PB 0x00000000eb900000| Untracked 
| 186|0x00000000eba00000, 0x00000000eba00000, 0x00000000ebb00000|  0%| F|  |TAMS 0x00000000eba00000| PB 0x00000000eba00000| Untracked 
| 187|0x00000000ebb00000, 0x00000000ebb00000, 0x00000000ebc00000|  0%| F|  |TAMS 0x00000000ebb00000| PB 0x00000000ebb00000| Untracked 
| 188|0x00000000ebc00000, 0x00000000ebc00000, 0x00000000ebd00000|  0%| F|  |TAMS 0x00000000ebc00000| PB 0x00000000ebc00000| Untracked 
| 189|0x00000000ebd00000, 0x00000000ebd00000, 0x00000000ebe00000|  0%| F|  |TAMS 0x00000000ebd00000| PB 0x00000000ebd00000| Untracked 
| 190|0x00000000ebe00000, 0x00000000ebe00000, 0x00000000ebf00000|  0%| F|  |TAMS 0x00000000ebe00000| PB 0x00000000ebe00000| Untracked 
| 191|0x00000000ebf00000, 0x00000000ebf00000, 0x00000000ec000000|  0%| F|  |TAMS 0x00000000ebf00000| PB 0x00000000ebf00000| Untracked 
| 192|0x00000000ec000000, 0x00000000ec000000, 0x00000000ec100000|  0%| F|  |TAMS 0x00000000ec000000| PB 0x00000000ec000000| Untracked 
| 193|0x00000000ec100000, 0x00000000ec100000, 0x00000000ec200000|  0%| F|  |TAMS 0x00000000ec100000| PB 0x00000000ec100000| Untracked 
| 194|0x00000000ec200000, 0x00000000ec200000, 0x00000000ec300000|  0%| F|  |TAMS 0x00000000ec200000| PB 0x00000000ec200000| Untracked 
| 195|0x00000000ec300000, 0x00000000ec300000, 0x00000000ec400000|  0%| F|  |TAMS 0x00000000ec300000| PB 0x00000000ec300000| Untracked 
| 196|0x00000000ec400000, 0x00000000ec400000, 0x00000000ec500000|  0%| F|  |TAMS 0x00000000ec400000| PB 0x00000000ec400000| Untracked 
| 197|0x00000000ec500000, 0x00000000ec500000, 0x00000000ec600000|  0%| F|  |TAMS 0x00000000ec500000| PB 0x00000000ec500000| Untracked 
| 198|0x00000000ec600000, 0x00000000ec600000, 0x00000000ec700000|  0%| F|  |TAMS 0x00000000ec600000| PB 0x00000000ec600000| Untracked 
| 199|0x00000000ec700000, 0x00000000ec700000, 0x00000000ec800000|  0%| F|  |TAMS 0x00000000ec700000| PB 0x00000000ec700000| Untracked 
| 200|0x00000000ec800000, 0x00000000ec800000, 0x00000000ec900000|  0%| F|  |TAMS 0x00000000ec800000| PB 0x00000000ec800000| Untracked 
| 201|0x00000000ec900000, 0x00000000ec900000, 0x00000000eca00000|  0%| F|  |TAMS 0x00000000ec900000| PB 0x00000000ec900000| Untracked 
| 202|0x00000000eca00000, 0x00000000eca00000, 0x00000000ecb00000|  0%| F|  |TAMS 0x00000000eca00000| PB 0x00000000eca00000| Untracked 
| 203|0x00000000ecb00000, 0x00000000ecb00000, 0x00000000ecc00000|  0%| F|  |TAMS 0x00000000ecb00000| PB 0x00000000ecb00000| Untracked 
| 204|0x00000000ecc00000, 0x00000000ecc00000, 0x00000000ecd00000|  0%| F|  |TAMS 0x00000000ecc00000| PB 0x00000000ecc00000| Untracked 
| 205|0x00000000ecd00000, 0x00000000ecd00000, 0x00000000ece00000|  0%| F|  |TAMS 0x00000000ecd00000| PB 0x00000000ecd00000| Untracked 
| 206|0x00000000ece00000, 0x00000000ece00000, 0x00000000ecf00000|  0%| F|  |TAMS 0x00000000ece00000| PB 0x00000000ece00000| Untracked 
| 207|0x00000000ecf00000, 0x00000000ecf00000, 0x00000000ed000000|  0%| F|  |TAMS 0x00000000ecf00000| PB 0x00000000ecf00000| Untracked 
| 208|0x00000000ed000000, 0x00000000ed000000, 0x00000000ed100000|  0%| F|  |TAMS 0x00000000ed000000| PB 0x00000000ed000000| Untracked 
| 209|0x00000000ed100000, 0x00000000ed100000, 0x00000000ed200000|  0%| F|  |TAMS 0x00000000ed100000| PB 0x00000000ed100000| Untracked 
| 210|0x00000000ed200000, 0x00000000ed200000, 0x00000000ed300000|  0%| F|  |TAMS 0x00000000ed200000| PB 0x00000000ed200000| Untracked 
| 211|0x00000000ed300000, 0x00000000ed300000, 0x00000000ed400000|  0%| F|  |TAMS 0x00000000ed300000| PB 0x00000000ed300000| Untracked 
| 212|0x00000000ed400000, 0x00000000ed400000, 0x00000000ed500000|  0%| F|  |TAMS 0x00000000ed400000| PB 0x00000000ed400000| Untracked 
| 213|0x00000000ed500000, 0x00000000ed500000, 0x00000000ed600000|  0%| F|  |TAMS 0x00000000ed500000| PB 0x00000000ed500000| Untracked 
| 214|0x00000000ed600000, 0x00000000ed600000, 0x00000000ed700000|  0%| F|  |TAMS 0x00000000ed600000| PB 0x00000000ed600000| Untracked 
| 215|0x00000000ed700000, 0x00000000ed700000, 0x00000000ed800000|  0%| F|  |TAMS 0x00000000ed700000| PB 0x00000000ed700000| Untracked 
| 216|0x00000000ed800000, 0x00000000ed800000, 0x00000000ed900000|  0%| F|  |TAMS 0x00000000ed800000| PB 0x00000000ed800000| Untracked 
| 217|0x00000000ed900000, 0x00000000ed900000, 0x00000000eda00000|  0%| F|  |TAMS 0x00000000ed900000| PB 0x00000000ed900000| Untracked 
| 218|0x00000000eda00000, 0x00000000eda80800, 0x00000000edb00000| 50%| E|  |TAMS 0x00000000eda00000| PB 0x00000000eda00000| Complete 
| 219|0x00000000edb00000, 0x00000000edc00000, 0x00000000edc00000|100%| E|CS|TAMS 0x00000000edb00000| PB 0x00000000edb00000| Complete 
| 220|0x00000000edc00000, 0x00000000edd00000, 0x00000000edd00000|100%| E|CS|TAMS 0x00000000edc00000| PB 0x00000000edc00000| Complete 
| 221|0x00000000edd00000, 0x00000000ede00000, 0x00000000ede00000|100%| E|CS|TAMS 0x00000000edd00000| PB 0x00000000edd00000| Complete 
| 222|0x00000000ede00000, 0x00000000edf00000, 0x00000000edf00000|100%| E|CS|TAMS 0x00000000ede00000| PB 0x00000000ede00000| Complete 
| 223|0x00000000edf00000, 0x00000000ee000000, 0x00000000ee000000|100%| E|CS|TAMS 0x00000000edf00000| PB 0x00000000edf00000| Complete 
| 224|0x00000000ee000000, 0x00000000ee100000, 0x00000000ee100000|100%| E|CS|TAMS 0x00000000ee000000| PB 0x00000000ee000000| Complete 
| 225|0x00000000ee100000, 0x00000000ee200000, 0x00000000ee200000|100%| E|CS|TAMS 0x00000000ee100000| PB 0x00000000ee100000| Complete 
| 226|0x00000000ee200000, 0x00000000ee300000, 0x00000000ee300000|100%| E|CS|TAMS 0x00000000ee200000| PB 0x00000000ee200000| Complete 
| 227|0x00000000ee300000, 0x00000000ee400000, 0x00000000ee400000|100%| E|CS|TAMS 0x00000000ee300000| PB 0x00000000ee300000| Complete 
| 228|0x00000000ee400000, 0x00000000ee500000, 0x00000000ee500000|100%| E|CS|TAMS 0x00000000ee400000| PB 0x00000000ee400000| Complete 
| 229|0x00000000ee500000, 0x00000000ee600000, 0x00000000ee600000|100%| E|CS|TAMS 0x00000000ee500000| PB 0x00000000ee500000| Complete 
| 230|0x00000000ee600000, 0x00000000ee700000, 0x00000000ee700000|100%| E|CS|TAMS 0x00000000ee600000| PB 0x00000000ee600000| Complete 
| 231|0x00000000ee700000, 0x00000000ee800000, 0x00000000ee800000|100%| E|CS|TAMS 0x00000000ee700000| PB 0x00000000ee700000| Complete 
| 232|0x00000000ee800000, 0x00000000ee900000, 0x00000000ee900000|100%| E|CS|TAMS 0x00000000ee800000| PB 0x00000000ee800000| Complete 
| 233|0x00000000ee900000, 0x00000000eea00000, 0x00000000eea00000|100%| E|CS|TAMS 0x00000000ee900000| PB 0x00000000ee900000| Complete 
| 234|0x00000000eea00000, 0x00000000eeb00000, 0x00000000eeb00000|100%| E|CS|TAMS 0x00000000eea00000| PB 0x00000000eea00000| Complete 
| 235|0x00000000eeb00000, 0x00000000eec00000, 0x00000000eec00000|100%| E|CS|TAMS 0x00000000eeb00000| PB 0x00000000eeb00000| Complete 
| 236|0x00000000eec00000, 0x00000000eed00000, 0x00000000eed00000|100%| E|CS|TAMS 0x00000000eec00000| PB 0x00000000eec00000| Complete 
| 237|0x00000000eed00000, 0x00000000eee00000, 0x00000000eee00000|100%| E|CS|TAMS 0x00000000eed00000| PB 0x00000000eed00000| Complete 
| 238|0x00000000eee00000, 0x00000000eef00000, 0x00000000eef00000|100%| E|CS|TAMS 0x00000000eee00000| PB 0x00000000eee00000| Complete 
| 239|0x00000000eef00000, 0x00000000ef000000, 0x00000000ef000000|100%| E|CS|TAMS 0x00000000eef00000| PB 0x00000000eef00000| Complete 
| 240|0x00000000ef000000, 0x00000000ef100000, 0x00000000ef100000|100%| E|CS|TAMS 0x00000000ef000000| PB 0x00000000ef000000| Complete 
| 241|0x00000000ef100000, 0x00000000ef200000, 0x00000000ef200000|100%| E|CS|TAMS 0x00000000ef100000| PB 0x00000000ef100000| Complete 
| 242|0x00000000ef200000, 0x00000000ef300000, 0x00000000ef300000|100%| E|CS|TAMS 0x00000000ef200000| PB 0x00000000ef200000| Complete 
| 243|0x00000000ef300000, 0x00000000ef400000, 0x00000000ef400000|100%| E|CS|TAMS 0x00000000ef300000| PB 0x00000000ef300000| Complete 
| 244|0x00000000ef400000, 0x00000000ef500000, 0x00000000ef500000|100%| E|CS|TAMS 0x00000000ef400000| PB 0x00000000ef400000| Complete 
| 245|0x00000000ef500000, 0x00000000ef600000, 0x00000000ef600000|100%| E|CS|TAMS 0x00000000ef500000| PB 0x00000000ef500000| Complete 
| 246|0x00000000ef600000, 0x00000000ef700000, 0x00000000ef700000|100%| E|CS|TAMS 0x00000000ef600000| PB 0x00000000ef600000| Complete 
| 247|0x00000000ef700000, 0x00000000ef800000, 0x00000000ef800000|100%| E|  |TAMS 0x00000000ef700000| PB 0x00000000ef700000| Complete 
| 248|0x00000000ef800000, 0x00000000ef900000, 0x00000000ef900000|100%| E|CS|TAMS 0x00000000ef800000| PB 0x00000000ef800000| Complete 
| 249|0x00000000ef900000, 0x00000000efa00000, 0x00000000efa00000|100%| E|CS|TAMS 0x00000000ef900000| PB 0x00000000ef900000| Complete 
| 250|0x00000000efa00000, 0x00000000efb00000, 0x00000000efb00000|100%| E|CS|TAMS 0x00000000efa00000| PB 0x00000000efa00000| Complete 
| 251|0x00000000efb00000, 0x00000000efc00000, 0x00000000efc00000|100%| E|CS|TAMS 0x00000000efb00000| PB 0x00000000efb00000| Complete 
| 252|0x00000000efc00000, 0x00000000efd00000, 0x00000000efd00000|100%| E|CS|TAMS 0x00000000efc00000| PB 0x00000000efc00000| Complete 
| 253|0x00000000efd00000, 0x00000000efe00000, 0x00000000efe00000|100%| E|CS|TAMS 0x00000000efd00000| PB 0x00000000efd00000| Complete 
| 254|0x00000000efe00000, 0x00000000eff00000, 0x00000000eff00000|100%| E|CS|TAMS 0x00000000efe00000| PB 0x00000000efe00000| Complete 
| 255|0x00000000eff00000, 0x00000000f0000000, 0x00000000f0000000|100%| E|CS|TAMS 0x00000000eff00000| PB 0x00000000eff00000| Complete 
| 256|0x00000000f0000000, 0x00000000f0100000, 0x00000000f0100000|100%| E|CS|TAMS 0x00000000f0000000| PB 0x00000000f0000000| Complete 
| 257|0x00000000f0100000, 0x00000000f0200000, 0x00000000f0200000|100%| E|CS|TAMS 0x00000000f0100000| PB 0x00000000f0100000| Complete 
| 258|0x00000000f0200000, 0x00000000f0300000, 0x00000000f0300000|100%| E|CS|TAMS 0x00000000f0200000| PB 0x00000000f0200000| Complete 
| 259|0x00000000f0300000, 0x00000000f0400000, 0x00000000f0400000|100%| E|CS|TAMS 0x00000000f0300000| PB 0x00000000f0300000| Complete 
| 260|0x00000000f0400000, 0x00000000f0500000, 0x00000000f0500000|100%| E|CS|TAMS 0x00000000f0400000| PB 0x00000000f0400000| Complete 
| 261|0x00000000f0500000, 0x00000000f0600000, 0x00000000f0600000|100%| E|CS|TAMS 0x00000000f0500000| PB 0x00000000f0500000| Complete 
| 262|0x00000000f0600000, 0x00000000f0700000, 0x00000000f0700000|100%| E|CS|TAMS 0x00000000f0600000| PB 0x00000000f0600000| Complete 
| 504|0x00000000ff800000, 0x00000000ff900000, 0x00000000ff900000|100%| O|Cm|TAMS 0x00000000ff800000| PB 0x00000000ff800000| Complete 
| 505|0x00000000ff900000, 0x00000000ffa00000, 0x00000000ffa00000|100%| E|CS|TAMS 0x00000000ff900000| PB 0x00000000ff900000| Complete 
| 506|0x00000000ffa00000, 0x00000000ffb00000, 0x00000000ffb00000|100%| E|CS|TAMS 0x00000000ffa00000| PB 0x00000000ffa00000| Complete 
| 507|0x00000000ffb00000, 0x00000000ffc00000, 0x00000000ffc00000|100%| E|CS|TAMS 0x00000000ffb00000| PB 0x00000000ffb00000| Complete 
| 508|0x00000000ffc00000, 0x00000000ffd00000, 0x00000000ffd00000|100%| E|CS|TAMS 0x00000000ffc00000| PB 0x00000000ffc00000| Complete 
| 509|0x00000000ffd00000, 0x00000000ffe00000, 0x00000000ffe00000|100%| E|CS|TAMS 0x00000000ffd00000| PB 0x00000000ffd00000| Complete 
| 510|0x00000000ffe00000, 0x00000000fff00000, 0x00000000fff00000|100%| E|CS|TAMS 0x00000000ffe00000| PB 0x00000000ffe00000| Complete 
| 511|0x00000000fff00000, 0x0000000100000000, 0x0000000100000000|100%| E|CS|TAMS 0x00000000fff00000| PB 0x00000000fff00000| Complete 

Card table byte_map: [0x0000015a74150000,0x0000015a74250000] _byte_map_base: 0x0000015a73a50000

Marking Bits: (CMBitMap*) 0x0000015a5c8a3240
 Bits: [0x0000015a74250000, 0x0000015a74a50000)

Polling page: 0x0000015a5a770000

Metaspace:

Usage:
  Non-class:     88.73 MB used.
      Class:     13.48 MB used.
       Both:    102.20 MB used.

Virtual space:
  Non-class space:      128.00 MB reserved,      90.12 MB ( 70%) committed,  2 nodes.
      Class space:      320.00 MB reserved,      15.31 MB (  5%) committed,  1 nodes.
             Both:      448.00 MB reserved,     105.44 MB ( 24%) committed. 

Chunk freelists:
   Non-Class:  6.27 MB
       Class:  1.72 MB
        Both:  7.99 MB

MaxMetaspaceSize: 384.00 MB
CompressedClassSpaceSize: 320.00 MB
Initial GC threshold: 21.00 MB
Current GC threshold: 175.31 MB
CDS: on
 - commit_granule_bytes: 65536.
 - commit_granule_words: 8192.
 - virtual_space_node_default_size: 8388608.
 - enlarge_chunks_in_place: 1.
 - use_allocation_guard: 0.


Internal statistics:

num_allocs_failed_limit: 9.
num_arena_births: 5570.
num_arena_deaths: 2826.
num_vsnodes_births: 3.
num_vsnodes_deaths: 0.
num_space_committed: 1713.
num_space_uncommitted: 13.
num_chunks_returned_to_freelist: 3477.
num_chunks_taken_from_freelist: 11322.
num_chunk_merges: 1244.
num_chunk_splits: 6644.
num_chunks_enlarged: 3876.
num_inconsistent_stats: 0.

CodeHeap 'non-profiled nmethods': size=120000Kb used=13269Kb max_used=13269Kb free=106730Kb
 bounds [0x0000015a6ca10000, 0x0000015a6d710000, 0x0000015a73f40000]
CodeHeap 'profiled nmethods': size=120000Kb used=37099Kb max_used=37099Kb free=82900Kb
 bounds [0x0000015a64f40000, 0x0000015a67390000, 0x0000015a6c470000]
CodeHeap 'non-nmethods': size=5760Kb used=2923Kb max_used=3010Kb free=2836Kb
 bounds [0x0000015a6c470000, 0x0000015a6c780000, 0x0000015a6ca10000]
 total_blobs=19216 nmethods=18210 adapters=908
 compilation: enabled
              stopped_count=0, restarted_count=0
 full_count=0

Compilation events (20 events):
Event: 2311.050 Thread 0x0000015a77290400 nmethod 22750 0x0000015a67369790 code [0x0000015a67369d40, 0x0000015a6736c678]
Event: 2311.054 Thread 0x0000015a77290400 22751       3       java.net.URLStreamHandler::sameFile (136 bytes)
Event: 2311.054 Thread 0x0000015a77290400 nmethod 22751 0x0000015a6736d610 code [0x0000015a6736d860, 0x0000015a6736e100]
Event: 2311.054 Thread 0x0000015a77290400 22752       3       java.util.ServiceLoader$2::hasNext (30 bytes)
Event: 2311.054 Thread 0x0000015a77290400 nmethod 22752 0x0000015a6736e310 code [0x0000015a6736e4e0, 0x0000015a6736e820]
Event: 2311.056 Thread 0x0000015a77290400 22753       3       kotlin.text.StringsKt__StringsJVMKt::startsWith$default (15 bytes)
Event: 2311.056 Thread 0x0000015a77290400 nmethod 22753 0x0000015a6736e910 code [0x0000015a6736eac0, 0x0000015a6736ec18]
Event: 2311.056 Thread 0x0000015a77290400 22754       3       kotlin.text.StringsKt__StringsJVMKt::startsWith (36 bytes)
Event: 2311.057 Thread 0x0000015a77290400 nmethod 22754 0x0000015a6736ed10 code [0x0000015a6736efe0, 0x0000015a6736fca8]
Event: 2311.057 Thread 0x0000015a77290400 22755       3       java.util.regex.Pattern$Prolog::match (11 bytes)
Event: 2311.057 Thread 0x0000015a77290400 nmethod 22755 0x0000015a67370190 code [0x0000015a67370340, 0x0000015a673704a0]
Event: 2311.057 Thread 0x0000015a77290400 22756       3       java.util.regex.Pattern$Loop::matchInit (156 bytes)
Event: 2311.057 Thread 0x0000015a77290400 nmethod 22756 0x0000015a67370590 code [0x0000015a673707c0, 0x0000015a67371138]
Event: 2311.058 Thread 0x0000015a77290400 22757   !   3       java.io.ObjectStreamClass::getDeclaredSUID (41 bytes)
Event: 2311.059 Thread 0x0000015a77290400 nmethod 22757 0x0000015a67371490 code [0x0000015a67371740, 0x0000015a673721e0]
Event: 2311.059 Thread 0x0000015a77290400 22758       3       java.io.ObjectStreamClass::getSerialFields (82 bytes)
Event: 2311.060 Thread 0x0000015a77290400 nmethod 22758 0x0000015a67372710 code [0x0000015a67372aa0, 0x0000015a67374050]
Event: 2311.060 Thread 0x0000015a77290400 22759       3       java.io.ObjectStreamClass::getSerializableConstructor (8 bytes)
Event: 2311.060 Thread 0x0000015a77290400 nmethod 22759 0x0000015a67374710 code [0x0000015a673748c0, 0x0000015a673749f0]
Event: 2311.060 Thread 0x0000015a77290400 22760       3       java.lang.Class::getDeclaredConstructor (31 bytes)

GC Heap History (20 events):
Event: 73.679 GC heap before
{Heap before GC invocations=16 (full 0):
 garbage-first heap   total 277504K, used 241781K [0x00000000e0000000, 0x0000000100000000)
  region size 1024K, 136 young (139264K), 19 survivors (19456K)
 Metaspace       used 88241K, committed 90432K, reserved 458752K
  class space    used 12155K, committed 13248K, reserved 327680K
}
Event: 73.695 GC heap after
{Heap after GC invocations=17 (full 0):
 garbage-first heap   total 277504K, used 128686K [0x00000000e0000000, 0x0000000100000000)
  region size 1024K, 7 young (7168K), 7 survivors (7168K)
 Metaspace       used 88241K, committed 90432K, reserved 458752K
  class space    used 12155K, committed 13248K, reserved 327680K
}
Event: 147.459 GC heap before
{Heap before GC invocations=17 (full 0):
 garbage-first heap   total 277504K, used 252590K [0x00000000e0000000, 0x0000000100000000)
  region size 1024K, 129 young (132096K), 7 survivors (7168K)
 Metaspace       used 91948K, committed 94272K, reserved 458752K
  class space    used 12630K, committed 13760K, reserved 327680K
}
Event: 147.469 GC heap after
{Heap after GC invocations=18 (full 0):
 garbage-first heap   total 277504K, used 135863K [0x00000000e0000000, 0x0000000100000000)
  region size 1024K, 14 young (14336K), 14 survivors (14336K)
 Metaspace       used 91948K, committed 94272K, reserved 458752K
  class space    used 12630K, committed 13760K, reserved 327680K
}
Event: 147.984 GC heap before
{Heap before GC invocations=18 (full 0):
 garbage-first heap   total 277504K, used 228023K [0x00000000e0000000, 0x0000000100000000)
  region size 1024K, 105 young (107520K), 14 survivors (14336K)
 Metaspace       used 92861K, committed 95168K, reserved 458752K
  class space    used 12694K, committed 13824K, reserved 327680K
}
Event: 147.996 GC heap after
{Heap after GC invocations=19 (full 0):
 garbage-first heap   total 277504K, used 140288K [0x00000000e0000000, 0x0000000100000000)
  region size 1024K, 6 young (6144K), 6 survivors (6144K)
 Metaspace       used 92861K, committed 95168K, reserved 458752K
  class space    used 12694K, committed 13824K, reserved 327680K
}
Event: 148.596 GC heap before
{Heap before GC invocations=20 (full 0):
 garbage-first heap   total 277504K, used 256000K [0x00000000e0000000, 0x0000000100000000)
  region size 1024K, 119 young (121856K), 6 survivors (6144K)
 Metaspace       used 93186K, committed 95552K, reserved 458752K
  class space    used 12726K, committed 13888K, reserved 327680K
}
Event: 148.603 GC heap after
{Heap after GC invocations=21 (full 0):
 garbage-first heap   total 277504K, used 144009K [0x00000000e0000000, 0x0000000100000000)
  region size 1024K, 10 young (10240K), 10 survivors (10240K)
 Metaspace       used 93186K, committed 95552K, reserved 458752K
  class space    used 12726K, committed 13888K, reserved 327680K
}
Event: 150.161 GC heap before
{Heap before GC invocations=21 (full 0):
 garbage-first heap   total 277504K, used 250505K [0x00000000e0000000, 0x0000000100000000)
  region size 1024K, 115 young (117760K), 10 survivors (10240K)
 Metaspace       used 102847K, committed 105408K, reserved 458752K
  class space    used 13990K, committed 15232K, reserved 327680K
}
Event: 150.172 GC heap after
{Heap after GC invocations=22 (full 0):
 garbage-first heap   total 277504K, used 149230K [0x00000000e0000000, 0x0000000100000000)
  region size 1024K, 13 young (13312K), 13 survivors (13312K)
 Metaspace       used 102847K, committed 105408K, reserved 458752K
  class space    used 13990K, committed 15232K, reserved 327680K
}
Event: 167.741 GC heap before
{Heap before GC invocations=22 (full 0):
 garbage-first heap   total 277504K, used 186094K [0x00000000e0000000, 0x0000000100000000)
  region size 1024K, 50 young (51200K), 13 survivors (13312K)
 Metaspace       used 103723K, committed 106368K, reserved 458752K
  class space    used 14124K, committed 15424K, reserved 327680K
}
Event: 167.752 GC heap after
{Heap after GC invocations=23 (full 0):
 garbage-first heap   total 277504K, used 153072K [0x00000000e0000000, 0x0000000100000000)
  region size 1024K, 4 young (4096K), 4 survivors (4096K)
 Metaspace       used 103723K, committed 106368K, reserved 458752K
  class space    used 14124K, committed 15424K, reserved 327680K
}
Event: 197.800 GC heap before
{Heap before GC invocations=24 (full 0):
 garbage-first heap   total 277504K, used 257520K [0x00000000e0000000, 0x0000000100000000)
  region size 1024K, 106 young (108544K), 4 survivors (4096K)
 Metaspace       used 105226K, committed 107904K, reserved 458752K
  class space    used 14249K, committed 15552K, reserved 327680K
}
Event: 197.809 GC heap after
{Heap after GC invocations=25 (full 0):
 garbage-first heap   total 277504K, used 160589K [0x00000000e0000000, 0x0000000100000000)
  region size 1024K, 11 young (11264K), 11 survivors (11264K)
 Metaspace       used 105226K, committed 107904K, reserved 458752K
  class space    used 14249K, committed 15552K, reserved 327680K
}
Event: 1433.816 GC heap before
{Heap before GC invocations=25 (full 0):
 garbage-first heap   total 277504K, used 248653K [0x00000000e0000000, 0x0000000100000000)
  region size 1024K, 98 young (100352K), 11 survivors (11264K)
 Metaspace       used 106040K, committed 108736K, reserved 458752K
  class space    used 14303K, committed 15616K, reserved 327680K
}
Event: 1433.826 GC heap after
{Heap after GC invocations=26 (full 0):
 garbage-first heap   total 277504K, used 149208K [0x00000000e0000000, 0x0000000100000000)
  region size 1024K, 2 young (2048K), 2 survivors (2048K)
 Metaspace       used 106040K, committed 108736K, reserved 458752K
  class space    used 14303K, committed 15616K, reserved 327680K
}
Event: 2259.677 GC heap before
{Heap before GC invocations=26 (full 0):
 garbage-first heap   total 277504K, used 256728K [0x00000000e0000000, 0x0000000100000000)
  region size 1024K, 108 young (110592K), 2 survivors (2048K)
 Metaspace       used 106643K, committed 109312K, reserved 458752K
  class space    used 14360K, committed 15680K, reserved 327680K
}
Event: 2259.688 GC heap after
{Heap after GC invocations=27 (full 0):
 garbage-first heap   total 277504K, used 151333K [0x00000000e0000000, 0x0000000100000000)
  region size 1024K, 4 young (4096K), 4 survivors (4096K)
 Metaspace       used 106643K, committed 109312K, reserved 458752K
  class space    used 14360K, committed 15680K, reserved 327680K
}
Event: 2297.456 GC heap before
{Heap before GC invocations=28 (full 0):
 garbage-first heap   total 277504K, used 255781K [0x00000000e0000000, 0x0000000100000000)
  region size 1024K, 107 young (109568K), 4 survivors (4096K)
 Metaspace       used 102375K, committed 107840K, reserved 458752K
  class space    used 13435K, committed 15680K, reserved 327680K
}
Event: 2297.463 GC heap after
{Heap after GC invocations=29 (full 0):
 garbage-first heap   total 277504K, used 146572K [0x00000000e0000000, 0x0000000100000000)
  region size 1024K, 6 young (6144K), 6 survivors (6144K)
 Metaspace       used 102375K, committed 107840K, reserved 458752K
  class space    used 13435K, committed 15680K, reserved 327680K
}

Dll operation events (15 events):
Event: 0.006 Loaded shared library C:\Program Files\Amazon Corretto\jdk21.0.1_12\bin\java.dll
Event: 0.032 Loaded shared library C:\Program Files\Amazon Corretto\jdk21.0.1_12\bin\jsvml.dll
Event: 0.063 Loaded shared library C:\Program Files\Amazon Corretto\jdk21.0.1_12\bin\zip.dll
Event: 0.065 Loaded shared library C:\Program Files\Amazon Corretto\jdk21.0.1_12\bin\instrument.dll
Event: 0.068 Loaded shared library C:\Program Files\Amazon Corretto\jdk21.0.1_12\bin\net.dll
Event: 0.069 Loaded shared library C:\Program Files\Amazon Corretto\jdk21.0.1_12\bin\nio.dll
Event: 0.071 Loaded shared library C:\Program Files\Amazon Corretto\jdk21.0.1_12\bin\zip.dll
Event: 0.241 Loaded shared library C:\Program Files\Amazon Corretto\jdk21.0.1_12\bin\jimage.dll
Event: 0.329 Loaded shared library C:\Program Files\Amazon Corretto\jdk21.0.1_12\bin\verify.dll
Event: 0.424 Loaded shared library C:\Users\AVASYS\.gradle\native\1def1411415f61bf3af743bc5b6707747c0891f09f0c88961ee8f79bc544acac\windows-amd64\native-platform.dll
Event: 0.436 Loaded shared library C:\Users\AVASYS\.gradle\native\0.2.6\x86_64-windows-gnu\gradle-fileevents.dll
Event: 1.400 Loaded shared library C:\Program Files\Amazon Corretto\jdk21.0.1_12\bin\management.dll
Event: 1.401 Loaded shared library C:\Program Files\Amazon Corretto\jdk21.0.1_12\bin\management_ext.dll
Event: 1.567 Loaded shared library C:\Program Files\Amazon Corretto\jdk21.0.1_12\bin\extnet.dll
Event: 1.774 Loaded shared library C:\Program Files\Amazon Corretto\jdk21.0.1_12\bin\sunmscapi.dll

Deoptimization events (20 events):
Event: 2310.868 Thread 0x0000015a151b2020 DEOPT PACKING pc=0x0000015a6d6e4fac sp=0x0000000b5cff8a80
Event: 2310.868 Thread 0x0000015a151b2020 DEOPT UNPACKING pc=0x0000015a6c4c46a2 sp=0x0000000b5cff8a60 mode 2
Event: 2310.868 Thread 0x0000015a151b2020 Uncommon trap: trap_request=0xffffffd6 fr.pc=0x0000015a6d6e4fac relative=0x000000000000202c
Event: 2310.868 Thread 0x0000015a151b2020 Uncommon trap: reason=array_check action=maybe_recompile pc=0x0000015a6d6e4fac method=org.gradle.internal.service.DefaultServiceRegistry$FactoryService.bind()V @ 281 c2
Event: 2310.868 Thread 0x0000015a151b2020 DEOPT PACKING pc=0x0000015a6d6e4fac sp=0x0000000b5cff8820
Event: 2310.868 Thread 0x0000015a151b2020 DEOPT UNPACKING pc=0x0000015a6c4c46a2 sp=0x0000000b5cff8800 mode 2
Event: 2310.868 Thread 0x0000015a151b2020 Uncommon trap: trap_request=0xffffffd6 fr.pc=0x0000015a6d6e4fac relative=0x000000000000202c
Event: 2310.868 Thread 0x0000015a151b2020 Uncommon trap: reason=array_check action=maybe_recompile pc=0x0000015a6d6e4fac method=org.gradle.internal.service.DefaultServiceRegistry$FactoryService.bind()V @ 281 c2
Event: 2310.868 Thread 0x0000015a151b2020 DEOPT PACKING pc=0x0000015a6d6e4fac sp=0x0000000b5cff8820
Event: 2310.868 Thread 0x0000015a151b2020 DEOPT UNPACKING pc=0x0000015a6c4c46a2 sp=0x0000000b5cff8800 mode 2
Event: 2311.002 Thread 0x0000015a151b2020 DEOPT PACKING pc=0x0000015a66197dfa sp=0x0000000b5cff7660
Event: 2311.002 Thread 0x0000015a151b2020 DEOPT UNPACKING pc=0x0000015a6c4c4e42 sp=0x0000000b5cff6b50 mode 0
Event: 2311.028 Thread 0x0000015a151b2020 Uncommon trap: trap_request=0xffffff45 fr.pc=0x0000015a6cbb7524 relative=0x0000000000000184
Event: 2311.028 Thread 0x0000015a151b2020 Uncommon trap: reason=unstable_if action=reinterpret pc=0x0000015a6cbb7524 method=java.util.Arrays.equals([Ljava/lang/Object;[Ljava/lang/Object;)Z @ 12 c2
Event: 2311.028 Thread 0x0000015a151b2020 DEOPT PACKING pc=0x0000015a6cbb7524 sp=0x0000000b5cffb7a0
Event: 2311.028 Thread 0x0000015a151b2020 DEOPT UNPACKING pc=0x0000015a6c4c46a2 sp=0x0000000b5cffb730 mode 2
Event: 2311.055 Thread 0x0000015a7ec72420 Uncommon trap: trap_request=0xffffffde fr.pc=0x0000015a6d675b4c relative=0x000000000000178c
Event: 2311.055 Thread 0x0000015a7ec72420 Uncommon trap: reason=class_check action=maybe_recompile pc=0x0000015a6d675b4c method=java.util.concurrent.locks.AbstractQueuedSynchronizer.acquire(Ljava/util/concurrent/locks/AbstractQueuedSynchronizer$Node;IZZZJ)I @ 108 c2
Event: 2311.055 Thread 0x0000015a7ec72420 DEOPT PACKING pc=0x0000015a6d675b4c sp=0x0000000b60cfe1b0
Event: 2311.055 Thread 0x0000015a7ec72420 DEOPT UNPACKING pc=0x0000015a6c4c46a2 sp=0x0000000b60cfe140 mode 2

Classes loaded (20 events):
Event: 2260.232 Loading class java/lang/runtime/ObjectMethods
Event: 2260.232 Loading class java/lang/runtime/ObjectMethods done
Event: 2260.233 Loading class java/lang/invoke/MethodHandleImpl$Makers
Event: 2260.233 Loading class java/lang/invoke/MethodHandleImpl$Makers done
Event: 2260.233 Loading class java/lang/invoke/MethodHandleImpl$Makers$1
Event: 2260.233 Loading class java/lang/invoke/MethodHandleImpl$Makers$1 done
Event: 2260.233 Loading class java/lang/invoke/MethodHandleImpl$Makers$2
Event: 2260.233 Loading class java/lang/invoke/MethodHandleImpl$Makers$2 done
Event: 2260.233 Loading class java/lang/invoke/MethodHandleImpl$Makers$3
Event: 2260.233 Loading class java/lang/invoke/MethodHandleImpl$Makers$3 done
Event: 2260.235 Loading class java/lang/runtime/ObjectMethods$1
Event: 2260.235 Loading class java/lang/runtime/ObjectMethods$1 done
Event: 2260.237 Loading class java/lang/invoke/DirectMethodHandle$1
Event: 2260.237 Loading class java/lang/invoke/DirectMethodHandle$1 done
Event: 2260.397 Loading class java/text/FieldPosition$Delegate
Event: 2260.397 Loading class java/text/FieldPosition$Delegate done
Event: 2260.451 Loading class java/io/CharArrayReader
Event: 2260.451 Loading class java/io/CharArrayReader done
Event: 2260.506 Loading class sun/nio/fs/WindowsSecurity$Privilege
Event: 2260.507 Loading class sun/nio/fs/WindowsSecurity$Privilege done

Classes unloaded (20 events):
Event: 2259.750 Thread 0x0000015a7725ab80 Unloading class 0x0000015a010d4800 'java/lang/invoke/LambdaForm$MH+0x0000015a010d4800'
Event: 2259.750 Thread 0x0000015a7725ab80 Unloading class 0x0000015a010d4400 'java/lang/invoke/LambdaForm$BMH+0x0000015a010d4400'
Event: 2259.750 Thread 0x0000015a7725ab80 Unloading class 0x0000015a010b1000 'java/lang/invoke/LambdaForm$MH+0x0000015a010b1000'
Event: 2259.750 Thread 0x0000015a7725ab80 Unloading class 0x0000015a010b0c00 'java/lang/invoke/LambdaForm$MH+0x0000015a010b0c00'
Event: 2259.750 Thread 0x0000015a7725ab80 Unloading class 0x0000015a010b0800 'java/lang/invoke/LambdaForm$MH+0x0000015a010b0800'
Event: 2259.750 Thread 0x0000015a7725ab80 Unloading class 0x0000015a01099c00 'java/lang/invoke/LambdaForm$MH+0x0000015a01099c00'
Event: 2259.750 Thread 0x0000015a7725ab80 Unloading class 0x0000015a01099800 'java/lang/invoke/LambdaForm$MH+0x0000015a01099800'
Event: 2259.750 Thread 0x0000015a7725ab80 Unloading class 0x0000015a01099000 'java/lang/invoke/LambdaForm$MH+0x0000015a01099000'
Event: 2259.750 Thread 0x0000015a7725ab80 Unloading class 0x0000015a01098c00 'java/lang/invoke/LambdaForm$MH+0x0000015a01098c00'
Event: 2259.751 Thread 0x0000015a7725ab80 Unloading class 0x0000015a01098000 'java/lang/invoke/LambdaForm$MH+0x0000015a01098000'
Event: 2259.751 Thread 0x0000015a7725ab80 Unloading class 0x0000015a01084000 'java/lang/invoke/LambdaForm$DMH+0x0000015a01084000'
Event: 2259.751 Thread 0x0000015a7725ab80 Unloading class 0x0000015a0102e800 'java/lang/invoke/LambdaForm$MH+0x0000015a0102e800'
Event: 2259.751 Thread 0x0000015a7725ab80 Unloading class 0x0000015a0102e000 'java/lang/invoke/LambdaForm$MH+0x0000015a0102e000'
Event: 2259.751 Thread 0x0000015a7725ab80 Unloading class 0x0000015a0102dc00 'java/lang/invoke/LambdaForm$MH+0x0000015a0102dc00'
Event: 2259.751 Thread 0x0000015a7725ab80 Unloading class 0x0000015a0102d800 'java/lang/invoke/LambdaForm$MH+0x0000015a0102d800'
Event: 2259.751 Thread 0x0000015a7725ab80 Unloading class 0x0000015a0102c000 'java/lang/invoke/LambdaForm$MH+0x0000015a0102c000'
Event: 2259.751 Thread 0x0000015a7725ab80 Unloading class 0x0000015a01002400 'java/lang/invoke/LambdaForm$MH+0x0000015a01002400'
Event: 2259.751 Thread 0x0000015a7725ab80 Unloading class 0x0000015a01002000 'java/lang/invoke/LambdaForm$MH+0x0000015a01002000'
Event: 2259.751 Thread 0x0000015a7725ab80 Unloading class 0x0000015a01001c00 'java/lang/invoke/LambdaForm$MH+0x0000015a01001c00'
Event: 2259.751 Thread 0x0000015a7725ab80 Unloading class 0x0000015a01001400 'java/lang/invoke/LambdaForm$MH+0x0000015a01001400'

Classes redefined (0 events):
No events

Internal exceptions (20 events):
Event: 2310.948 Thread 0x0000015a151b2020 Exception <a 'java/lang/NoClassDefFoundError'{0x00000000ee475da0}: org/cyclonedx/gradle/CycloneDxPlugin> (0x00000000ee475da0) 
thrown [s\src\hotspot\share\oops\constantPool.cpp, line 871]
Event: 2310.975 Thread 0x0000015a151b2020 Exception <a 'sun/nio/fs/WindowsException'{0x00000000ee203ea8}> (0x00000000ee203ea8) 
thrown [s\src\hotspot\share\prims\jni.cpp, line 520]
Event: 2310.976 Thread 0x0000015a151b2020 Exception <a 'sun/nio/fs/WindowsException'{0x00000000ee205b00}> (0x00000000ee205b00) 
thrown [s\src\hotspot\share\prims\jni.cpp, line 520]
Event: 2310.977 Thread 0x0000015a151b2020 Exception <a 'sun/nio/fs/WindowsException'{0x00000000ee218e28}> (0x00000000ee218e28) 
thrown [s\src\hotspot\share\prims\jni.cpp, line 520]
Event: 2310.981 Thread 0x0000015a151b2020 Exception <a 'sun/nio/fs/WindowsException'{0x00000000ee22a7a0}> (0x00000000ee22a7a0) 
thrown [s\src\hotspot\share\prims\jni.cpp, line 520]
Event: 2310.983 Thread 0x0000015a151b2020 Exception <a 'sun/nio/fs/WindowsException'{0x00000000ee23bc70}> (0x00000000ee23bc70) 
thrown [s\src\hotspot\share\prims\jni.cpp, line 520]
Event: 2310.985 Thread 0x0000015a151b2020 Exception <a 'sun/nio/fs/WindowsException'{0x00000000ee24d2c8}> (0x00000000ee24d2c8) 
thrown [s\src\hotspot\share\prims\jni.cpp, line 520]
Event: 2310.986 Thread 0x0000015a151b2020 Exception <a 'sun/nio/fs/WindowsException'{0x00000000ee25e7a8}> (0x00000000ee25e7a8) 
thrown [s\src\hotspot\share\prims\jni.cpp, line 520]
Event: 2310.988 Thread 0x0000015a151b2020 Exception <a 'sun/nio/fs/WindowsException'{0x00000000ee26c160}> (0x00000000ee26c160) 
thrown [s\src\hotspot\share\prims\jni.cpp, line 520]
Event: 2311.004 Thread 0x0000015a7d254180 Exception <a 'sun/nio/fs/WindowsException'{0x00000000ee118bf8}> (0x00000000ee118bf8) 
thrown [s\src\hotspot\share\prims\jni.cpp, line 520]
Event: 2311.004 Thread 0x0000015a7d254180 Exception <a 'sun/nio/fs/WindowsException'{0x00000000ee119258}> (0x00000000ee119258) 
thrown [s\src\hotspot\share\prims\jni.cpp, line 520]
Event: 2311.005 Thread 0x0000015a7d254180 Exception <a 'sun/nio/fs/WindowsException'{0x00000000ee12a710}> (0x00000000ee12a710) 
thrown [s\src\hotspot\share\prims\jni.cpp, line 520]
Event: 2311.006 Thread 0x0000015a7d254180 Exception <a 'sun/nio/fs/WindowsException'{0x00000000ee139ff0}> (0x00000000ee139ff0) 
thrown [s\src\hotspot\share\prims\jni.cpp, line 520]
Event: 2311.008 Thread 0x0000015a7d254180 Exception <a 'sun/nio/fs/WindowsException'{0x00000000ee1492a0}> (0x00000000ee1492a0) 
thrown [s\src\hotspot\share\prims\jni.cpp, line 520]
Event: 2311.009 Thread 0x0000015a7d254180 Exception <a 'sun/nio/fs/WindowsException'{0x00000000ee1586f8}> (0x00000000ee1586f8) 
thrown [s\src\hotspot\share\prims\jni.cpp, line 520]
Event: 2311.010 Thread 0x0000015a7d254180 Exception <a 'sun/nio/fs/WindowsException'{0x00000000ee1679c8}> (0x00000000ee1679c8) 
thrown [s\src\hotspot\share\prims\jni.cpp, line 520]
Event: 2311.011 Thread 0x0000015a7d254180 Exception <a 'sun/nio/fs/WindowsException'{0x00000000ee176148}> (0x00000000ee176148) 
thrown [s\src\hotspot\share\prims\jni.cpp, line 520]
Event: 2311.018 Thread 0x0000015a151b2020 Exception <a 'java/lang/ClassNotFoundException'{0x00000000ee197218}: build_67b6fcow2fm0u8ycedembs1mrBeanInfo> (0x00000000ee197218) 
thrown [s\src\hotspot\share\classfile\systemDictionary.cpp, line 312]
Event: 2311.018 Thread 0x0000015a151b2020 Exception <a 'java/lang/ClassNotFoundException'{0x00000000ee19eba8}: build_67b6fcow2fm0u8ycedembs1mrCustomizer> (0x00000000ee19eba8) 
thrown [s\src\hotspot\share\classfile\systemDictionary.cpp, line 312]
Event: 2311.028 Thread 0x0000015a151b2020 Implicit null exception at 0x0000015a6cbb73cc to 0x0000015a6cbb7514

ZGC Phase Switch (0 events):
No events

VM Operations (20 events):
Event: 2260.298 Executing VM operation: HandshakeAllThreads (Deoptimize)
Event: 2260.298 Executing VM operation: HandshakeAllThreads (Deoptimize) done
Event: 2260.378 Executing VM operation: ICBufferFull
Event: 2260.378 Executing VM operation: ICBufferFull done
Event: 2260.399 Executing VM operation: HandshakeAllThreads (Deoptimize)
Event: 2260.399 Executing VM operation: HandshakeAllThreads (Deoptimize) done
Event: 2261.431 Executing VM operation: Cleanup
Event: 2261.432 Executing VM operation: Cleanup done
Event: 2284.611 Executing VM operation: Cleanup
Event: 2284.611 Executing VM operation: Cleanup done
Event: 2285.776 Executing VM operation: HandshakeAllThreads (HandshakeForDeflation)
Event: 2285.776 Executing VM operation: HandshakeAllThreads (HandshakeForDeflation) done
Event: 2285.776 Executing VM operation: RendezvousGCThreads
Event: 2285.776 Executing VM operation: RendezvousGCThreads done
Event: 2297.456 Executing VM operation: G1CollectForAllocation (G1 Evacuation Pause)
Event: 2297.463 Executing VM operation: G1CollectForAllocation (G1 Evacuation Pause) done
Event: 2310.535 Executing VM operation: Cleanup
Event: 2310.535 Executing VM operation: Cleanup done
Event: 2310.944 Executing VM operation: ICBufferFull
Event: 2310.944 Executing VM operation: ICBufferFull done

Events (20 events):
Event: 2310.425 Thread 0x0000015a7dc16080 Thread exited: 0x0000015a7dc16080
Event: 2310.678 Thread 0x0000015a185286f0 Thread added: 0x0000015a185286f0
Event: 2310.681 Thread 0x0000015a1852b4e0 Thread added: 0x0000015a1852b4e0
Event: 2310.684 Thread 0x0000015a1852bb70 Thread added: 0x0000015a1852bb70
Event: 2310.685 Thread 0x0000015a1852c890 Thread added: 0x0000015a1852c890
Event: 2310.685 Thread 0x0000015a1852e960 Thread added: 0x0000015a1852e960
Event: 2310.685 Thread 0x0000015a1852e2d0 Thread added: 0x0000015a1852e2d0
Event: 2310.685 Thread 0x0000015a1852cf20 Thread added: 0x0000015a1852cf20
Event: 2310.711 Thread 0x0000015a7dc18290 Thread added: 0x0000015a7dc18290
Event: 2310.921 Thread 0x0000015a1852eff0 Thread added: 0x0000015a1852eff0
Event: 2310.921 Thread 0x0000015a1852dc40 Thread added: 0x0000015a1852dc40
Event: 2310.921 Thread 0x0000015a1852f680 Thread added: 0x0000015a1852f680
Event: 2310.921 Thread 0x0000015a18529aa0 Thread added: 0x0000015a18529aa0
Event: 2310.921 Thread 0x0000015a18528d80 Thread added: 0x0000015a18528d80
Event: 2310.928 Thread 0x0000015a18529410 Thread added: 0x0000015a18529410
Event: 2310.928 Thread 0x0000015a7ec72ab0 Thread added: 0x0000015a7ec72ab0
Event: 2310.928 Thread 0x0000015a7ec765c0 Thread added: 0x0000015a7ec765c0
Event: 2310.928 Thread 0x0000015a7ec758a0 Thread added: 0x0000015a7ec758a0
Event: 2310.928 Thread 0x0000015a7ec71d90 Thread added: 0x0000015a7ec71d90
Event: 2311.055 Thread 0x0000015a7ec72420 Thread added: 0x0000015a7ec72420


Dynamic libraries:
0x00007ff66f120000 - 0x00007ff66f12e000 	C:\Program Files\Amazon Corretto\jdk21.0.1_12\bin\java.exe
0x00007ffddf9b0000 - 0x00007ffddfba8000 	C:\Windows\SYSTEM32\ntdll.dll
0x00007ffdde280000 - 0x00007ffdde342000 	C:\Windows\System32\KERNEL32.DLL
0x00007ffddd4a0000 - 0x00007ffddd79f000 	C:\Windows\System32\KERNELBASE.dll
0x00007ffddd040000 - 0x00007ffddd140000 	C:\Windows\System32\ucrtbase.dll
0x00007ffdd3820000 - 0x00007ffdd383b000 	C:\Program Files\Amazon Corretto\jdk21.0.1_12\bin\VCRUNTIME140.dll
0x00007ffdbbd00000 - 0x00007ffdbbd18000 	C:\Program Files\Amazon Corretto\jdk21.0.1_12\bin\jli.dll
0x00007ffdde960000 - 0x00007ffddeafd000 	C:\Windows\System32\USER32.dll
0x00007ffddd260000 - 0x00007ffddd282000 	C:\Windows\System32\win32u.dll
0x00007ffdc71a0000 - 0x00007ffdc743a000 	C:\Windows\WinSxS\amd64_microsoft.windows.common-controls_6595b64144ccf1df_6.0.19041.4355_none_60b8b9eb71f62e16\COMCTL32.dll
0x00007ffdde3b0000 - 0x00007ffdde3db000 	C:\Windows\System32\GDI32.dll
0x00007ffddf350000 - 0x00007ffddf3ee000 	C:\Windows\System32\msvcrt.dll
0x00007ffddd140000 - 0x00007ffddd257000 	C:\Windows\System32\gdi32full.dll
0x00007ffddd370000 - 0x00007ffddd40d000 	C:\Windows\System32\msvcp_win.dll
0x00007ffddf4b0000 - 0x00007ffddf4df000 	C:\Windows\System32\IMM32.DLL
0x00007ffdd7dc0000 - 0x00007ffdd7dcc000 	C:\Program Files\Amazon Corretto\jdk21.0.1_12\bin\vcruntime140_1.dll
0x00007ffda5980000 - 0x00007ffda5a0d000 	C:\Program Files\Amazon Corretto\jdk21.0.1_12\bin\msvcp140.dll
0x00007ffd4b170000 - 0x00007ffd4befd000 	C:\Program Files\Amazon Corretto\jdk21.0.1_12\bin\server\jvm.dll
0x00007ffddf3f0000 - 0x00007ffddf4a1000 	C:\Windows\System32\ADVAPI32.dll
0x00007ffddf1a0000 - 0x00007ffddf23f000 	C:\Windows\System32\sechost.dll
0x00007ffddf840000 - 0x00007ffddf963000 	C:\Windows\System32\RPCRT4.dll
0x00007ffddd290000 - 0x00007ffddd2b7000 	C:\Windows\System32\bcrypt.dll
0x00007ffddeb00000 - 0x00007ffddeb6b000 	C:\Windows\System32\WS2_32.dll
0x00007ffddcea0000 - 0x00007ffddceeb000 	C:\Windows\SYSTEM32\POWRPROF.dll
0x00007ffdc7f70000 - 0x00007ffdc7f97000 	C:\Windows\SYSTEM32\WINMM.dll
0x00007ffdd6f90000 - 0x00007ffdd6f9a000 	C:\Windows\SYSTEM32\VERSION.dll
0x00007ffddce80000 - 0x00007ffddce92000 	C:\Windows\SYSTEM32\UMPDC.dll
0x00007ffddaea0000 - 0x00007ffddaeb2000 	C:\Windows\SYSTEM32\kernel.appcore.dll
0x00007ffdd38b0000 - 0x00007ffdd38ba000 	C:\Program Files\Amazon Corretto\jdk21.0.1_12\bin\jimage.dll
0x00007ffdc9b30000 - 0x00007ffdc9d14000 	C:\Windows\SYSTEM32\DBGHELP.DLL
0x00007ffdbfb80000 - 0x00007ffdbfbb4000 	C:\Windows\SYSTEM32\dbgcore.DLL
0x00007ffddd410000 - 0x00007ffddd492000 	C:\Windows\System32\bcryptPrimitives.dll
0x00007ffdda6b0000 - 0x00007ffdda6be000 	C:\Program Files\Amazon Corretto\jdk21.0.1_12\bin\instrument.dll
0x00007ffdbbce0000 - 0x00007ffdbbcff000 	C:\Program Files\Amazon Corretto\jdk21.0.1_12\bin\java.dll
0x00007ffddd9c0000 - 0x00007ffdde12e000 	C:\Windows\System32\SHELL32.dll
0x00007ffddb0a0000 - 0x00007ffddb844000 	C:\Windows\SYSTEM32\windows.storage.dll
0x00007ffddf4e0000 - 0x00007ffddf835000 	C:\Windows\System32\combase.dll
0x00007ffddc8c0000 - 0x00007ffddc8ef000 	C:\Windows\SYSTEM32\Wldp.dll
0x00007ffdde520000 - 0x00007ffdde5ed000 	C:\Windows\System32\OLEAUT32.dll
0x00007ffdde7a0000 - 0x00007ffdde84d000 	C:\Windows\System32\SHCORE.dll
0x00007ffdde350000 - 0x00007ffdde3a5000 	C:\Windows\System32\shlwapi.dll
0x00007ffddcf70000 - 0x00007ffddcf94000 	C:\Windows\SYSTEM32\profapi.dll
0x00007ffd81250000 - 0x00007ffd81327000 	C:\Program Files\Amazon Corretto\jdk21.0.1_12\bin\jsvml.dll
0x00007ffdb4770000 - 0x00007ffdb4788000 	C:\Program Files\Amazon Corretto\jdk21.0.1_12\bin\zip.dll
0x00007ffdd3880000 - 0x00007ffdd3890000 	C:\Program Files\Amazon Corretto\jdk21.0.1_12\bin\net.dll
0x00007ffdd5d90000 - 0x00007ffdd5e9d000 	C:\Windows\SYSTEM32\WINHTTP.dll
0x00007ffddc6a0000 - 0x00007ffddc70a000 	C:\Windows\system32\mswsock.dll
0x00007ffdbbc80000 - 0x00007ffdbbc96000 	C:\Program Files\Amazon Corretto\jdk21.0.1_12\bin\nio.dll
0x00007ffdbe1b0000 - 0x00007ffdbe1c0000 	C:\Program Files\Amazon Corretto\jdk21.0.1_12\bin\verify.dll
0x00007ffdbf760000 - 0x00007ffdbf787000 	C:\Users\AVASYS\.gradle\native\1def1411415f61bf3af743bc5b6707747c0891f09f0c88961ee8f79bc544acac\windows-amd64\native-platform.dll
0x00007ffda9b00000 - 0x00007ffda9b78000 	C:\Users\AVASYS\.gradle\native\0.2.6\x86_64-windows-gnu\gradle-fileevents.dll
0x00007ffdd6150000 - 0x00007ffdd6159000 	C:\Program Files\Amazon Corretto\jdk21.0.1_12\bin\management.dll
0x00007ffdcc8e0000 - 0x00007ffdcc8eb000 	C:\Program Files\Amazon Corretto\jdk21.0.1_12\bin\management_ext.dll
0x00007ffddeb70000 - 0x00007ffddeb78000 	C:\Windows\System32\PSAPI.DLL
0x00007ffddc3a0000 - 0x00007ffddc3db000 	C:\Windows\SYSTEM32\IPHLPAPI.DLL
0x00007ffdde210000 - 0x00007ffdde218000 	C:\Windows\System32\NSI.dll
0x00007ffdc6910000 - 0x00007ffdc6917000 	C:\Program Files\Amazon Corretto\jdk21.0.1_12\bin\extnet.dll
0x00007ffddc900000 - 0x00007ffddc918000 	C:\Windows\SYSTEM32\CRYPTSP.dll
0x00007ffddbfe0000 - 0x00007ffddc014000 	C:\Windows\system32\rsaenh.dll
0x00007ffddcf30000 - 0x00007ffddcf5e000 	C:\Windows\SYSTEM32\USERENV.dll
0x00007ffddc830000 - 0x00007ffddc83c000 	C:\Windows\SYSTEM32\CRYPTBASE.dll
0x00007ffdc7540000 - 0x00007ffdc754e000 	C:\Program Files\Amazon Corretto\jdk21.0.1_12\bin\sunmscapi.dll
0x00007ffddd810000 - 0x00007ffddd96c000 	C:\Windows\System32\CRYPT32.dll
0x00007ffddca10000 - 0x00007ffddca37000 	C:\Windows\SYSTEM32\ncrypt.dll
0x00007ffddc9b0000 - 0x00007ffddc9eb000 	C:\Windows\SYSTEM32\NTASN1.dll
0x00007ffda6c20000 - 0x00007ffda6c27000 	C:\Windows\system32\wshunix.dll
0x00007ffdda410000 - 0x00007ffdda4a4000 	C:\Windows\system32\apphelp.dll
0x00007ffddc230000 - 0x00007ffddc263000 	C:\Windows\SYSTEM32\ntmarta.dll

dbghelp: loaded successfully - version: 4.0.5 - missing functions: none
symbol engine: initialized successfully - sym options: 0x614 - pdb path: .;C:\Program Files\Amazon Corretto\jdk21.0.1_12\bin;C:\Windows\SYSTEM32;C:\Windows\WinSxS\amd64_microsoft.windows.common-controls_6595b64144ccf1df_6.0.19041.4355_none_60b8b9eb71f62e16;C:\Program Files\Amazon Corretto\jdk21.0.1_12\bin\server;C:\Users\AVASYS\.gradle\native\1def1411415f61bf3af743bc5b6707747c0891f09f0c88961ee8f79bc544acac\windows-amd64;C:\Users\AVASYS\.gradle\native\0.2.6\x86_64-windows-gnu

VM Arguments:
jvm_args: --add-opens=java.base/java.lang=ALL-UNNAMED --add-opens=java.base/java.lang.invoke=ALL-UNNAMED --add-opens=java.base/java.util=ALL-UNNAMED --add-opens=java.prefs/java.util.prefs=ALL-UNNAMED --add-exports=jdk.compiler/com.sun.tools.javac.api=ALL-UNNAMED --add-exports=jdk.compiler/com.sun.tools.javac.util=ALL-UNNAMED --add-opens=java.base/java.util=ALL-UNNAMED --add-opens=java.prefs/java.util.prefs=ALL-UNNAMED --add-opens=java.base/java.nio.charset=ALL-UNNAMED --add-opens=java.base/java.net=ALL-UNNAMED --add-opens=java.base/java.util.concurrent.atomic=ALL-UNNAMED --add-opens=java.xml/javax.xml.namespace=ALL-UNNAMED -XX:MaxMetaspaceSize=384m -XX:+HeapDumpOnOutOfMemoryError -Xms256m -Xmx512m -Dfile.encoding=UTF-8 -Duser.country=US -Duser.language=en -Duser.variant -javaagent:C:\Users\AVASYS\.gradle\wrapper\dists\gradle-8.12.1-bin\eumc4uhoysa37zql93vfjkxy0\gradle-8.12.1\lib\agents\gradle-instrumentation-agent-8.12.1.jar 
java_command: org.gradle.launcher.daemon.bootstrap.GradleDaemon 8.12.1
java_class_path (initial): C:\Users\AVASYS\.gradle\wrapper\dists\gradle-8.12.1-bin\eumc4uhoysa37zql93vfjkxy0\gradle-8.12.1\lib\gradle-daemon-main-8.12.1.jar
Launcher Type: SUN_STANDARD

[Global flags]
     intx CICompilerCount                          = 3                                         {product} {ergonomic}
   size_t CompressedClassSpaceSize                 = 335544320                                 {product} {ergonomic}
     uint ConcGCThreads                            = 2                                         {product} {ergonomic}
     uint G1ConcRefinementThreads                  = 6                                         {product} {ergonomic}
   size_t G1HeapRegionSize                         = 1048576                                   {product} {ergonomic}
    uintx GCDrainStackTargetSize                   = 64                                        {product} {ergonomic}
     bool HeapDumpOnOutOfMemoryError               = true                                   {manageable} {command line}
   size_t InitialHeapSize                          = 268435456                                 {product} {command line}
   size_t MarkStackSize                            = 4194304                                   {product} {ergonomic}
   size_t MaxHeapSize                              = 536870912                                 {product} {command line}
   size_t MaxMetaspaceSize                         = 402653184                                 {product} {command line}
   size_t MaxNewSize                               = 321912832                                 {product} {ergonomic}
   size_t MinHeapDeltaBytes                        = 1048576                                   {product} {ergonomic}
   size_t MinHeapSize                              = 268435456                                 {product} {command line}
    uintx NonNMethodCodeHeapSize                   = 5832780                                {pd product} {ergonomic}
    uintx NonProfiledCodeHeapSize                  = 122912730                              {pd product} {ergonomic}
    uintx ProfiledCodeHeapSize                     = 122912730                              {pd product} {ergonomic}
    uintx ReservedCodeCacheSize                    = 251658240                              {pd product} {ergonomic}
     bool SegmentedCodeCache                       = true                                      {product} {ergonomic}
   size_t SoftMaxHeapSize                          = 536870912                              {manageable} {ergonomic}
     bool UseCompressedOops                        = true                           {product lp64_product} {ergonomic}
     bool UseG1GC                                  = true                                      {product} {ergonomic}
     bool UseLargePagesIndividualAllocation        = false                                  {pd product} {ergonomic}

Logging:
Log output configuration:
 #0: stdout all=warning uptime,level,tags foldmultilines=false
 #1: stderr all=off uptime,level,tags foldmultilines=false

Environment Variables:
JAVA_HOME=C:\Program Files\Amazon Corretto\jdk21.0.1_12
PATH=C:\Program Files\Amazon Corretto\jdk21.0.1_12\bin;C:\gurobi951\win64\bin;C:\Program Files\Amazon Corretto\jdk1.8.0_302\bin;C:\Windows\system32;C:\Windows;C:\Windows\System32\Wbem;C:\Windows\System32\WindowsPowerShell\v1.0\;C:\Windows\System32\OpenSSH\;C:\Program Files (x86)\Intel\Intel(R) Management Engine Components\DAL;C:\Program Files\Intel\Intel(R) Management Engine Components\DAL;C:\Program Files\Git\cmd;C:\Program Files\PuTTY\;C:\Program Files\Amazon\AWSCLIV2\;C:\Users\AVASYS\AppData\Roaming\npm;D:\flutter\bin;C:\protoc\bin;C:\Program Files\TortoiseGit\bin;C:\Program Files\dotnet\;C:\ProgramData\chocolatey\bin;C:\Program Files\k6\;C:\Program Files\Docker\Docker\resources\bin;D:\graalVM\graalvm21\bin;C:\Program Files\Tailscale\;C:\Users\AVASYS\AppData\Local\Programs\Python\Python311\Scripts;C:\Program Files\Go\bin;D:\apache-maven-3.9.8\bin;C:\Program Files (x86)\Gpg4win\..\GnuPG\bin;C:\Program Files (x86)\GnuPG\bin;C:\Program Files\nodejs\;C:\Users\AVASYS\AppData\Local\Programs\Python\Python311\;C:\Users\AVASYS\.cargo\bin;C:\Program Files\Amazon Corretto\jdk1.8.0_302\bin;C:\Windows\system32;C:\Windows;C:\Windows\System32\Wbem;C:\Windows\System32\WindowsPowerShell\v1.0\;C:\Windows\System32\OpenSSH\;C:\Program Files (x86)\Intel\Intel(R) Management Engine Components\DAL;C:\Program Files\Intel\Intel(R) Management Engine Components\DAL;C:\Program Files\Git\cmd;C:\Program Files\nodejs\;C:\Program Files\Docker\Docker\resources\bin;C:\ProgramData\DockerDesktop\version-bin;C:\Program Files\PuTTY\;C:\Program Files\Amazon\AWSCLIV2\;C:\Program Files\MySQL\MySQL Shell 8.0\bin\;C:\Program Files\Amazon Corretto\jdk1.8.0_302\bin;C:\Windows\system32;C:\Windows;C:\Windows\System32\Wbem;C:\Windows\System32\WindowsPowerShell\v1.0\;C:\Windows\System32\OpenSSH\;C:\Program Files (x86)\Intel\Intel(R) Management Engine Components\DAL;C:\Program Files\Intel\Intel(R) Management Engine Components\DAL;C:\Program Files\Git\cmd;C:\Program Files\nodejs\;C:\Program Files\Docker\Docker\resources\bin;C:\ProgramData\DockerDesktop\version-bin;C:\Program Files\PuTTY\;C:\Program Files\Amazon\AWSCLIV2\;C:\Users\AVASYS\AppData\Roaming\npm;C:\Program Files\dotnet\;C:\Program Files\Amazon\ECSCLI;C:\Users\AVASYS\AppData\Local\Programs\Microsoft VS Code\bin;C:\Users\AVASYS\AppData\Roaming\npm;C:\Program Files\Amazon\ECSCLI;C:\Users\AVASYS\AppData\Local\Programs\Microsoft VS Code\bin;C:\Users\AVASYS\AppData\Roaming\npm;C:\Users\AVASYS\.dotnet\tools;D:\flutter\bin;C:\protoc\bin;C:\Users\AVASYS\AppData\Local\Programs\Julia-1.6.5\bin;C:\Program Files\JetBrains\IntelliJ IDEA 2023.2.5\bin;;C:\Users\AVASYS\go\bin;D:\apache-maven-3.9.8\bin;C:\Program Files (x86)\GnuPG\bin;
USERNAME=AVASYS
OS=Windows_NT
PROCESSOR_IDENTIFIER=Intel64 Family 6 Model 158 Stepping 10, GenuineIntel
TMP=C:\Users\AVASYS\AppData\Local\Temp
TEMP=C:\Users\AVASYS\AppData\Local\Temp




Periodic native trim disabled

---------------  S Y S T E M  ---------------

OS:
 Windows 10 , 64 bit Build 19041 (10.0.19041.5198)
OS uptime: 26 days 3:32 hours
Hyper-V role detected

CPU: total 6 (initial active 6) (6 cores per cpu, 1 threads per core) family 6 model 158 stepping 10 microcode 0xde, cx8, cmov, fxsr, mmx, 3dnowpref, sse, sse2, sse3, ssse3, sse4.1, sse4.2, popcnt, lzcnt, tsc, tscinvbit, avx, avx2, aes, erms, clmul, bmi1, bmi2, rtm, adx, fma, vzeroupper, clflush, clflushopt, hv, rdtscp, f16c
Processor Information for all 6 processors :
  Max Mhz: 3096, Current Mhz: 3096, Mhz Limit: 3096

Memory: 4k page, system-wide physical 32629M (7819M free)
TotalPageFile size 42629M (AvailPageFile size 53M)
current process WorkingSet (physical memory assigned to process): 586M, peak: 596M
current process commit charge ("private bytes"): 624M, peak: 632M

vm_info: OpenJDK 64-Bit Server VM (21.0.1+12-LTS) for windows-amd64 JRE (21.0.1+12-LTS), built on 2023-10-12T03:52:47Z by "Administrator" with MS VC++ 16.10 / 16.11 (VS2019)

END.
